Component: ARM Compiler 5.06 update 6 (build 750) Tool: armlink [4d35ed]

==============================================================================

Section Cross References

    startup_stm32g0b1xx.o(STACK) refers (Special) to heapauxi.o(.text) for __use_two_region_memory
    startup_stm32g0b1xx.o(HEAP) refers (Special) to heapauxi.o(.text) for __use_two_region_memory
    startup_stm32g0b1xx.o(RESET) refers (Special) to heapauxi.o(.text) for __use_two_region_memory
    startup_stm32g0b1xx.o(RESET) refers to startup_stm32g0b1xx.o(STACK) for __initial_sp
    startup_stm32g0b1xx.o(RESET) refers to startup_stm32g0b1xx.o(.text) for Reset_Handler
    startup_stm32g0b1xx.o(RESET) refers to stm32g0xx_it.o(i.NMI_Handler) for NMI_Handler
    startup_stm32g0b1xx.o(RESET) refers to stm32g0xx_it.o(i.HardFault_Handler) for HardFault_Handler
    startup_stm32g0b1xx.o(RESET) refers to stm32g0xx_it.o(i.SVC_Handler) for SVC_Handler
    startup_stm32g0b1xx.o(RESET) refers to stm32g0xx_it.o(i.PendSV_Handler) for PendSV_Handler
    startup_stm32g0b1xx.o(RESET) refers to stm32g0xx_it.o(i.SysTick_Handler) for SysTick_Handler
    startup_stm32g0b1xx.o(RESET) refers to stm32g0xx_it.o(i.DMA1_Channel1_IRQHandler) for DMA1_Channel1_IRQHandler
    startup_stm32g0b1xx.o(RESET) refers to stm32g0xx_it.o(i.DMA1_Channel2_3_IRQHandler) for DMA1_Channel2_3_IRQHandler
    startup_stm32g0b1xx.o(RESET) refers to stm32g0xx_it.o(i.USART1_IRQHandler) for USART1_IRQHandler
    startup_stm32g0b1xx.o(.text) refers (Special) to heapauxi.o(.text) for __use_two_region_memory
    startup_stm32g0b1xx.o(.text) refers to system_stm32g0xx.o(i.SystemInit) for SystemInit
    startup_stm32g0b1xx.o(.text) refers to __main.o(!!!main) for __main
    startup_stm32g0b1xx.o(.text) refers to startup_stm32g0b1xx.o(HEAP) for Heap_Mem
    startup_stm32g0b1xx.o(.text) refers to startup_stm32g0b1xx.o(STACK) for Stack_Mem
    esp8266.o(i.ESP8266_Clear) refers to rt_memclr.o(.text) for __aeabi_memclr
    esp8266.o(i.ESP8266_Clear) refers to esp8266.o(.bss) for .bss
    esp8266.o(i.ESP8266_Clear) refers to esp8266.o(.data) for .data
    esp8266.o(i.ESP8266_Init) refers to _printf_percent.o(.ARM.Collect$$_printf_percent$$00000000) for _printf_percent
    esp8266.o(i.ESP8266_Init) refers to _printf_s.o(.ARM.Collect$$_printf_percent$$00000014) for _printf_s
    esp8266.o(i.ESP8266_Init) refers to _printf_str.o(.text) for _printf_str
    esp8266.o(i.ESP8266_Init) refers to stm32g0xx_hal_uart.o(i.HAL_UART_Receive_IT) for HAL_UART_Receive_IT
    esp8266.o(i.ESP8266_Init) refers to esp8266.o(i.ESP8266_Clear) for ESP8266_Clear
    esp8266.o(i.ESP8266_Init) refers to stm32g0xx_hal.o(i.HAL_Delay) for HAL_Delay
    esp8266.o(i.ESP8266_Init) refers to esp8266.o(i.ESP8266_SendCmd) for ESP8266_SendCmd
    esp8266.o(i.ESP8266_Init) refers to noretval__2sprintf.o(.text) for __2sprintf
    esp8266.o(i.ESP8266_Init) refers to oled.o(i.OLED_ShowString) for OLED_ShowString
    esp8266.o(i.ESP8266_Init) refers to esp8266.o(.data) for .data
    esp8266.o(i.ESP8266_Init) refers to usart.o(.bss) for huart1
    esp8266.o(i.ESP8266_SendCmd) refers to strlen.o(.text) for strlen
    esp8266.o(i.ESP8266_SendCmd) refers to stm32g0xx_hal_uart.o(i.HAL_UART_Transmit) for HAL_UART_Transmit
    esp8266.o(i.ESP8266_SendCmd) refers to esp8266.o(i.ESP8266_WaitRecive) for ESP8266_WaitRecive
    esp8266.o(i.ESP8266_SendCmd) refers to strstr.o(.text) for strstr
    esp8266.o(i.ESP8266_SendCmd) refers to esp8266.o(i.ESP8266_Clear) for ESP8266_Clear
    esp8266.o(i.ESP8266_SendCmd) refers to stm32g0xx_hal.o(i.HAL_Delay) for HAL_Delay
    esp8266.o(i.ESP8266_SendCmd) refers to usart.o(.bss) for huart1
    esp8266.o(i.ESP8266_SendCmd) refers to esp8266.o(.bss) for .bss
    esp8266.o(i.ESP8266_WaitRecive) refers to esp8266.o(.data) for .data
    esp8266.o(i.HAL_UART_RxCpltCallback) refers to rt_memclr.o(.text) for __aeabi_memclr
    esp8266.o(i.HAL_UART_RxCpltCallback) refers to stm32g0xx_hal_uart.o(i.HAL_UART_Transmit) for HAL_UART_Transmit
    esp8266.o(i.HAL_UART_RxCpltCallback) refers to stm32g0xx_hal_uart.o(i.HAL_UART_Receive_IT) for HAL_UART_Receive_IT
    esp8266.o(i.HAL_UART_RxCpltCallback) refers to esp8266.o(.data) for .data
    esp8266.o(i.HAL_UART_RxCpltCallback) refers to esp8266.o(.bss) for .bss
    esp8266.o(i.HAL_UART_RxCpltCallback) refers to usart.o(.bss) for huart1
    esp8266.o(i.link) refers to stm32g0xx_hal_uart.o(i.HAL_UART_Receive_IT) for HAL_UART_Receive_IT
    esp8266.o(i.link) refers to rt_memcpy.o(.emb_text) for __aeabi_memcpy4
    esp8266.o(i.link) refers to stm32g0xx_hal_uart.o(i.HAL_UART_Transmit_DMA) for HAL_UART_Transmit_DMA
    esp8266.o(i.link) refers to stm32g0xx_hal.o(i.HAL_Delay) for HAL_Delay
    esp8266.o(i.link) refers to esp8266.o(.data) for .data
    esp8266.o(i.link) refers to usart.o(.bss) for huart1
    oled.o(i.OLED_Clear) refers to oled.o(i.OLED_WR_CMD) for OLED_WR_CMD
[...]
    Removing stm32g0xx_hal_uart.o(i.UART_DMATxHalfCplt), (10 bytes).
    Removing stm32g0xx_hal_uart.o(i.UART_DMATxOnlyAbortCallback), (42 bytes).
    Removing stm32g0xx_hal_uart.o(i.UART_EndTxTransfer), (60 bytes).
    Removing stm32g0xx_hal_uart.o(i.UART_Start_Receive_DMA), (172 bytes).
    Removing stm32g0xx_hal_uart.o(i.UART_TxISR_16BIT), (96 bytes).
    Removing stm32g0xx_hal_uart.o(i.UART_TxISR_16BIT_FIFOEN), (116 bytes).
    Removing stm32g0xx_hal_uart.o(i.UART_TxISR_8BIT), (92 bytes).
    Removing stm32g0xx_hal_uart.o(i.UART_TxISR_8BIT_FIFOEN), (112 bytes).
    Removing stm32g0xx_hal_uart_ex.o(.rev16_text), (4 bytes).
    Removing stm32g0xx_hal_uart_ex.o(.revsh_text), (4 bytes).
    Removing stm32g0xx_hal_uart_ex.o(i.HAL_MultiProcessorEx_AddressLength_Set), (54 bytes).
    Removing stm32g0xx_hal_uart_ex.o(i.HAL_RS485Ex_Init), (144 bytes).
    Removing stm32g0xx_hal_uart_ex.o(i.HAL_UARTEx_DisableStopMode), (48 bytes).
    Removing stm32g0xx_hal_uart_ex.o(i.HAL_UARTEx_EnableFifoMode), (62 bytes).
    Removing stm32g0xx_hal_uart_ex.o(i.HAL_UARTEx_EnableStopMode), (48 bytes).
    Removing stm32g0xx_hal_uart_ex.o(i.HAL_UARTEx_GetRxEventType), (4 bytes).
    Removing stm32g0xx_hal_uart_ex.o(i.HAL_UARTEx_ReceiveToIdle), (332 bytes).
    Removing stm32g0xx_hal_uart_ex.o(i.HAL_UARTEx_ReceiveToIdle_DMA), (108 bytes).
    Removing stm32g0xx_hal_uart_ex.o(i.HAL_UARTEx_ReceiveToIdle_IT), (106 bytes).
    Removing stm32g0xx_hal_uart_ex.o(i.HAL_UARTEx_StopModeWakeUpSourceConfig), (152 bytes).
    Removing system_stm32g0xx.o(.rev16_text), (4 bytes).
    Removing system_stm32g0xx.o(.revsh_text), (4 bytes).
    Removing system_stm32g0xx.o(i.SystemCoreClockUpdate), (148 bytes).
    Removing stm32g0xx_hal_dma.o(i.__ARM_common_switch8), (26 bytes).

387 unused section(s) (total 27152 bytes) removed from the image.

==============================================================================

Image Symbol Table

    Local Symbols

    Symbol Name                              Value     Ov Type        Size  Object(Section)

    ../Drivers/STM32G0xx_HAL_Driver/Src/stm32g0xx_hal.c 0x00000000   Number         0  stm32g0xx_hal.o ABSOLUTE
    ../Drivers/STM32G0xx_HAL_Driver/Src/stm32g0xx_hal_cortex.c 0x00000000   Number         0  stm32g0xx_hal_cortex.o ABSOLUTE
    ../Drivers/STM32G0xx_HAL_Driver/Src/stm32g0xx_hal_dma.c 0x00000000   Number         0  stm32g0xx_hal_dma.o ABSOLUTE
    ../Drivers/STM32G0xx_HAL_Driver/Src/stm32g0xx_hal_dma_ex.c 0x00000000   Number         0  stm32g0xx_hal_dma_ex.o ABSOLUTE
    ../Drivers/STM32G0xx_HAL_Driver/Src/stm32g0xx_hal_exti.c 0x00000000   Number         0  stm32g0xx_hal_exti.o ABSOLUTE
    ../Drivers/STM32G0xx_HAL_Driver/Src/stm32g0xx_hal_flash.c 0x00000000   Number         0  stm32g0xx_hal_flash.o ABSOLUTE
    ../Drivers/STM32G0xx_HAL_Driver/Src/stm32g0xx_hal_flash_ex.c 0x00000000   Number         0  stm32g0xx_hal_flash_ex.o ABSOLUTE
    ../Drivers/STM32G0xx_HAL_Driver/Src/stm32g0xx_hal_gpio.c 0x00000000   Number         0  stm32g0xx_hal_gpio.o ABSOLUTE
    ../Drivers/STM32G0xx_HAL_Driver/Src/stm32g0xx_hal_i2c.c 0x00000000   Number         0  stm32g0xx_hal_i2c.o ABSOLUTE
    ../Drivers/STM32G0xx_HAL_Driver/Src/stm32g0xx_hal_i2c_ex.c 0x00000000   Number         0  stm32g0xx_hal_i2c_ex.o ABSOLUTE
    ../Drivers/STM32G0xx_HAL_Driver/Src/stm32g0xx_hal_pwr.c 0x00000000   Number         0  stm32g0xx_hal_pwr.o ABSOLUTE
    ../Drivers/STM32G0xx_HAL_Driver/Src/stm32g0xx_hal_pwr_ex.c 0x00000000   Number         0  stm32g0xx_hal_pwr_ex.o ABSOLUTE
    ../Drivers/STM32G0xx_HAL_Driver/Src/stm32g0xx_hal_rcc.c 0x00000000   Number         0  stm32g0xx_hal_rcc.o ABSOLUTE
    ../Drivers/STM32G0xx_HAL_Driver/Src/stm32g0xx_hal_rcc_ex.c 0x00000000   Number         0  stm32g0xx_hal_rcc_ex.o ABSOLUTE
    ../Drivers/STM32G0xx_HAL_Driver/Src/stm32g0xx_hal_tim.c 0x00000000   Number         0  stm32g0xx_hal_tim.o ABSOLUTE
    ../Drivers/STM32G0xx_HAL_Driver/Src/stm32g0xx_hal_tim_ex.c 0x00000000   Number         0  stm32g0xx_hal_tim_ex.o ABSOLUTE
    ../Drivers/STM32G0xx_HAL_Driver/Src/stm32g0xx_hal_uart.c 0x00000000   Number         0  stm32g0xx_hal_uart.o ABSOLUTE
    ../Drivers/STM32G0xx_HAL_Driver/Src/stm32g0xx_hal_uart_ex.c 0x00000000   Number         0  stm32g0xx_hal_uart_ex.o ABSOLUTE
    ../Drivers/STM32G0xx_HAL_Driver/Src/stm32g0xx_ll_rcc.c 0x00000000   Number         0  stm32g0xx_ll_rcc.o ABSOLUTE
    ../Src/dma.c                             0x00000000   Number         0  dma.o ABSOLUTE
    ../Src/gpio.c                            0x00000000   Number         0  gpio.o ABSOLUTE
    ../Src/i2c.c                             0x00000000   Number         0  i2c.o ABSOLUTE
    ../Src/main.c                            0x00000000   Number         0  main.o ABSOLUTE
    ../Src/stm32g0xx_hal_msp.c               0x00000000   Number         0  stm32g0xx_hal_msp.o ABSOLUTE
    ../Src/stm32g0xx_it.c                    0x00000000   Number         0  stm32g0xx_it.o ABSOLUTE
    ../Src/system_stm32g0xx.c                0x00000000   Number         0  system_stm32g0xx.o ABSOLUTE
    ../Src/usart.c                           0x00000000   Number         0  usart.o ABSOLUTE
    ../clib/angel/boardlib.s                 0x00000000   Number         0  boardinit1.o ABSOLUTE
    ../clib/angel/boardlib.s                 0x00000000   Number         0  boardshut.o ABSOLUTE
    ../clib/angel/boardlib.s                 0x00000000   Number         0  boardinit3.o ABSOLUTE
    ../clib/angel/boardlib.s                 0x00000000   Number         0  boardinit2.o ABSOLUTE
    ../clib/angel/handlers.s                 0x00000000   Number         0  __scatter_zi.o ABSOLUTE
    ../clib/angel/handlers.s                 0x00000000   Number         0  __scatter_copy.o ABSOLUTE
    ../clib/angel/kernel.s                   0x00000000   Number         0  __rtentry.o ABSOLUTE
    ../clib/angel/kernel.s                   0x00000000   Number         0  rtexit2.o ABSOLUTE
    ../clib/angel/kernel.s                   0x00000000   Number         0  __rtentry2.o ABSOLUTE
    ../clib/angel/kernel.s                   0x00000000   Number         0  __rtentry4.o ABSOLUTE
    ../clib/angel/kernel.s                   0x00000000   Number         0  rtexit.o ABSOLUTE
    ../clib/angel/rt.s                       0x00000000   Number         0  aeabi_ldiv0_sigfpe.o ABSOLUTE
    ../clib/angel/rt.s                       0x00000000   Number         0  aeabi_idiv0_sigfpe.o ABSOLUTE
    ../clib/angel/rt.s                       0x00000000   Number         0  aeabi_idiv0.o ABSOLUTE
    ../clib/angel/rt.s                       0x00000000   Number         0  aeabi_ldiv0.o ABSOLUTE
    ../clib/angel/rt.s                       0x00000000   Number         0  rt_raise.o ABSOLUTE
    ../clib/angel/rt.s                       0x00000000   Number         0  rt_div0.o ABSOLUTE
    ../clib/angel/scatterp.s                 0x00000000   Number         0  __scatter.o ABSOLUTE
    ../clib/angel/startup.s                  0x00000000   Number         0  __main.o ABSOLUTE
    ../clib/angel/sys.s                      0x00000000   Number         0  sys_stackheap_outer.o ABSOLUTE
    ../clib/angel/sys.s                      0x00000000   Number         0  libspace.o ABSOLUTE
    ../clib/angel/sys.s                      0x00000000   Number         0  tempstk.o ABSOLUTE
    ../clib/angel/sys.s                      0x00000000   Number         0  use_no_semi.o ABSOLUTE
    ../clib/angel/sys.s                      0x00000000   Number         0  indicate_semi.o ABSOLUTE
    ../clib/angel/sysapp.c                   0x00000000   Number         0  sys_exit.o ABSOLUTE
    ../clib/angel/sysapp.c                   0x00000000   Number         0  sys_command.o ABSOLUTE
    ../clib/angel/sysapp.c                   0x00000000   Number         0  sys_wrch.o ABSOLUTE
    ../clib/armsys.c                         0x00000000   Number         0  _get_argv_nomalloc.o ABSOLUTE
    ../clib/armsys.c                         0x00000000   Number         0  argv_veneer.o ABSOLUTE
    ../clib/armsys.c                         0x00000000   Number         0  no_argv.o ABSOLUTE
    ../clib/division.c                       0x00000000   Number         0  lludiv.o ABSOLUTE
    ../clib/division.s                       0x00000000   Number         0  aeabi_sdiv_div0.o ABSOLUTE
    ../clib/division.s                       0x00000000   Number         0  aeabi_sdiv.o ABSOLUTE
    ../clib/heapalloc.c                      0x00000000   Number         0  hrguard.o ABSOLUTE
    ../clib/heapaux.c                        0x00000000   Number         0  heapauxi.o ABSOLUTE
    ../clib/libinit.s                        0x00000000   Number         0  libshutdown.o ABSOLUTE
    ../clib/libinit.s                        0x00000000   Number         0  libinit2.o ABSOLUTE
    ../clib/libinit.s                        0x00000000   Number         0  libshutdown2.o ABSOLUTE
    ../clib/libinit.s                        0x00000000   Number         0  libinit.o ABSOLUTE
    ../clib/memcpset.c                       0x00000000   Number         0  rt_memclr.o ABSOLUTE
    ../clib/memcpset.c                       0x00000000   Number         0  rt_memcpy.o ABSOLUTE
    ../clib/memcpset.c                       0x00000000   Number         0  rt_memcpy.o ABSOLUTE
    ../clib/printf.c                         0x00000000   Number         0  __printf_flags.o ABSOLUTE
    ../clib/printf.c                         0x00000000   Number         0  __printf_nopercent.o ABSOLUTE
    ../clib/printf.c                         0x00000000   Number         0  __printf_flags_ss_wp.o ABSOLUTE
    ../clib/printf.c                         0x00000000   Number         0  _printf_char.o ABSOLUTE
    ../clib/printf.c                         0x00000000   Number         0  __printf_ss_wp.o ABSOLUTE
    ../clib/printf.c                         0x00000000   Number         0  __printf_flags_wp.o ABSOLUTE
    ../clib/printf.c                         0x00000000   Number         0  _sputc.o ABSOLUTE
    ../clib/printf.c                         0x00000000   Number         0  _printf_char_common.o ABSOLUTE
    ../clib/printf.c                         0x00000000   Number         0  __printf_wp.o ABSOLUTE
    ../clib/printf.c                         0x00000000   Number         0  __printf_flags_ss.o ABSOLUTE
    ../clib/printf.c                         0x00000000   Number         0  __printf_ss.o ABSOLUTE
    ../clib/printf.c                         0x00000000   Number         0  _printf_str.o ABSOLUTE
    ../clib/printf.c                         0x00000000   Number         0  __printf.o ABSOLUTE
    ../clib/printf.c                         0x00000000   Number         0  noretval__2sprintf.o ABSOLUTE
    ../clib/printf.c                         0x00000000   Number         0  __2sprintf.o ABSOLUTE
    ../clib/printf_percent.s                 0x00000000   Number         0  _printf_percent_end.o ABSOLUTE
    ../clib/printf_percent.s                 0x00000000   Number         0  _printf_s.o ABSOLUTE
    ../clib/printf_percent.s                 0x00000000   Number         0  _printf_percent.o ABSOLUTE
    ../clib/signal.c                         0x00000000   Number         0  defsig_abrt_inner.o ABSOLUTE
    ../clib/signal.c                         0x00000000   Number         0  defsig_fpe_formal.o ABSOLUTE
    ../clib/signal.c                         0x00000000   Number         0  defsig_fpe_outer.o ABSOLUTE
    ../clib/signal.c                         0x00000000   Number         0  defsig_segv_inner.o ABSOLUTE
    ../clib/signal.c                         0x00000000   Number         0  defsig_rtmem_inner.o ABSOLUTE
    ../clib/signal.c                         0x00000000   Number         0  defsig_rtmem_outer.o ABSOLUTE
    ../clib/signal.c                         0x00000000   Number         0  defsig_rtmem_formal.o ABSOLUTE
    ../clib/signal.c                         0x00000000   Number         0  defsig_other.o ABSOLUTE
    ../clib/signal.c                         0x00000000   Number         0  defsig_fpe_inner.o ABSOLUTE
    ../clib/signal.c                         0x00000000   Number         0  defsig_stak_inner.o ABSOLUTE
    ../clib/signal.c                         0x00000000   Number         0  defsig_pvfn_inner.o ABSOLUTE
    ../clib/signal.c                         0x00000000   Number         0  defsig_general.o ABSOLUTE
    ../clib/signal.c                         0x00000000   Number         0  __raise.o ABSOLUTE
    ../clib/signal.c                         0x00000000   Number         0  defsig_exit.o ABSOLUTE
    ../clib/signal.c                         0x00000000   Number         0  defsig_rtred_inner.o ABSOLUTE
    ../clib/signal.c                         0x00000000   Number         0  defsig_cppl_inner.o ABSOLUTE
    ../clib/signal.s                         0x00000000   Number         0  defsig.o ABSOLUTE
    ../clib/stdlib.c                         0x00000000   Number         0  exit.o ABSOLUTE
    ../clib/string.c                         0x00000000   Number         0  strstr.o ABSOLUTE
    ../clib/string.c                         0x00000000   Number         0  strlen.o ABSOLUTE
    ../fplib/cfplib/fpinit.c                 0x00000000   Number         0  fpinit.o ABSOLUTE
    ..\Drivers\STM32G0xx_HAL_Driver\Src\stm32g0xx_hal.c 0x00000000   Number         0  stm32g0xx_hal.o ABSOLUTE
    ..\Drivers\STM32G0xx_HAL_Driver\Src\stm32g0xx_hal_cortex.c 0x00000000   Number         0  stm32g0xx_hal_cortex.o ABSOLUTE
    ..\Drivers\STM32G0xx_HAL_Driver\Src\stm32g0xx_hal_dma.c 0x00000000   Number         0  stm32g0xx_hal_dma.o ABSOLUTE
    ..\Drivers\STM32G0xx_HAL_Driver\Src\stm32g0xx_hal_dma_ex.c 0x00000000   Number         0  stm32g0xx_hal_dma_ex.o ABSOLUTE
    ..\Drivers\STM32G0xx_HAL_Driver\Src\stm32g0xx_hal_exti.c 0x00000000   Number         0  stm32g0xx_hal_exti.o ABSOLUTE
    ..\Drivers\STM32G0xx_HAL_Driver\Src\stm32g0xx_hal_flash.c 0x00000000   Number         0  stm32g0xx_hal_flash.o ABSOLUTE
    ..\Drivers\STM32G0xx_HAL_Driver\Src\stm32g0xx_hal_flash_ex.c 0x00000000   Number         0  stm32g0xx_hal_flash_ex.o ABSOLUTE
    ..\Drivers\STM32G0xx_HAL_Driver\Src\stm32g0xx_hal_gpio.c 0x00000000   Number         0  stm32g0xx_hal_gpio.o ABSOLUTE
    ..\Drivers\STM32G0xx_HAL_Driver\Src\stm32g0xx_hal_i2c.c 0x00000000   Number         0  stm32g0xx_hal_i2c.o ABSOLUTE
    ..\Drivers\STM32G0xx_HAL_Driver\Src\stm32g0xx_hal_i2c_ex.c 0x00000000   Number         0  stm32g0xx_hal_i2c_ex.o ABSOLUTE
    ..\Drivers\STM32G0xx_HAL_Driver\Src\stm32g0xx_hal_pwr.c 0x00000000   Number         0  stm32g0xx_hal_pwr.o ABSOLUTE
    ..\Drivers\STM32G0xx_HAL_Driver\Src\stm32g0xx_hal_pwr_ex.c 0x00000000   Number         0  stm32g0xx_hal_pwr_ex.o ABSOLUTE
    ..\Drivers\STM32G0xx_HAL_Driver\Src\stm32g0xx_hal_rcc.c 0x00000000   Number         0  stm32g0xx_hal_rcc.o ABSOLUTE
    ..\Drivers\STM32G0xx_HAL_Driver\Src\stm32g0xx_hal_rcc_ex.c 0x00000000   Number         0  stm32g0xx_hal_rcc_ex.o ABSOLUTE
    ..\Drivers\STM32G0xx_HAL_Driver\Src\stm32g0xx_hal_tim.c 0x00000000   Number         0  stm32g0xx_hal_tim.o ABSOLUTE
    ..\Drivers\STM32G0xx_HAL_Driver\Src\stm32g0xx_hal_tim_ex.c 0x00000000   Number         0  stm32g0xx_hal_tim_ex.o ABSOLUTE
    ..\Drivers\STM32G0xx_HAL_Driver\Src\stm32g0xx_hal_uart.c 0x00000000   Number         0  stm32g0xx_hal_uart.o ABSOLUTE
    ..\Drivers\STM32G0xx_HAL_Driver\Src\stm32g0xx_hal_uart_ex.c 0x00000000   Number         0  stm32g0xx_hal_uart_ex.o ABSOLUTE
    ..\Src\dma.c                             0x00000000   Number         0  dma.o ABSOLUTE
    ..\Src\esp8266.c                         0x00000000   Number         0  esp8266.o ABSOLUTE
    ..\Src\gpio.c                            0x00000000   Number         0  gpio.o ABSOLUTE
    ..\Src\i2c.c                             0x00000000   Number         0  i2c.o ABSOLUTE
    ..\Src\main.c                            0x00000000   Number         0  main.o ABSOLUTE
    ..\Src\oled.c                            0x00000000   Number         0  oled.o ABSOLUTE
    ..\Src\stm32g0xx_hal_msp.c               0x00000000   Number         0  stm32g0xx_hal_msp.o ABSOLUTE
    ..\Src\stm32g0xx_it.c                    0x00000000   Number         0  stm32g0xx_it.o ABSOLUTE
    ..\Src\system_stm32g0xx.c                0x00000000   Number         0  system_stm32g0xx.o ABSOLUTE
    ..\Src\usart.c                           0x00000000   Number         0  usart.o ABSOLUTE
    ..\\Src\\esp8266.c                       0x00000000   Number         0  esp8266.o ABSOLUTE
    ..\\Src\\oled.c                          0x00000000   Number         0  oled.o ABSOLUTE
    dc.s                                     0x00000000   Number         0  dc.o ABSOLUTE
    startup_stm32g0b1xx.s                    0x00000000   Number         0  startup_stm32g0b1xx.o ABSOLUTE
    RESET                                    0x08000000   Section      188  startup_stm32g0b1xx.o(RESET)
    !!!main                                  0x080000bc   Section        8  __main.o(!!!main)
    !!!scatter                               0x080000c4   Section       60  __scatter.o(!!!scatter)
    !!handler_copy                           0x08000100   Section       26  __scatter_copy.o(!!handler_copy)
    !!handler_zi                             0x0800011c   Section       28  __scatter_zi.o(!!handler_zi)
    .ARM.Collect$$_printf_percent$$00000000  0x08000138   Section        2  _printf_percent.o(.ARM.Collect$$_printf_percent$$00000000)
    .ARM.Collect$$_printf_percent$$00000014  0x0800013a   Section       10  _printf_s.o(.ARM.Collect$$_printf_percent$$00000014)
    .ARM.Collect$$_printf_percent$$00000017  0x08000144   Section        4  _printf_percent_end.o(.ARM.Collect$$_printf_percent$$00000017)
    .ARM.Collect$$libinit$$00000000          0x08000148   Section        2  libinit.o(.ARM.Collect$$libinit$$00000000)
    .ARM.Collect$$libinit$$00000002          0x0800014a   Section        0  libinit2.o(.ARM.Collect$$libinit$$00000002)
    .ARM.Collect$$libinit$$00000004          0x0800014a   Section        0  libinit2.o(.ARM.Collect$$libinit$$00000004)
    .ARM.Collect$$libinit$$0000000A          0x0800014a   Section        0  libinit2.o(.ARM.Collect$$libinit$$0000000A)
    .ARM.Collect$$libinit$$0000000C          0x0800014a   Section        0  libinit2.o(.ARM.Collect$$libinit$$0000000C)
    .ARM.Collect$$libinit$$0000000E          0x0800014a   Section        0  libinit2.o(.ARM.Collect$$libinit$$0000000E)
    .ARM.Collect$$libinit$$00000011          0x0800014a   Section        0  libinit2.o(.ARM.Collect$$libinit$$00000011)
    .ARM.Collect$$libinit$$00000013          0x0800014a   Section        0  libinit2.o(.ARM.Collect$$libinit$$00000013)
    .ARM.Collect$$libinit$$00000015          0x0800014a   Section        0  libinit2.o(.ARM.Collect$$libinit$$00000015)
    .ARM.Collect$$libinit$$00000017          0x0800014a   Section        0  libinit2.o(.ARM.Collect$$libinit$$00000017)
    .ARM.Collect$$libinit$$00000019          0x0800014a   Section        0  libinit2.o(.ARM.Collect$$libinit$$00000019)
    .ARM.Collect$$libinit$$0000001B          0x0800014a   Section        0  libinit2.o(.ARM.Collect$$libinit$$0000001B)
    .ARM.Collect$$libinit$$0000001D          0x0800014a   Section        0  libinit2.o(.ARM.Collect$$libinit$$0000001D)
    .ARM.Collect$$libinit$$0000001F          0x0800014a   Section        0  libinit2.o(.ARM.Collect$$libinit$$0000001F)
    .ARM.Collect$$libinit$$00000021          0x0800014a   Section        0  libinit2.o(.ARM.Collect$$libinit$$00000021)
    .ARM.Collect$$libinit$$00000023          0x0800014a   Section        0  libinit2.o(.ARM.Collect$$libinit$$00000023)
    .ARM.Collect$$libinit$$00000025          0x0800014a   Section        0  libinit2.o(.ARM.Collect$$libinit$$00000025)
    .ARM.Collect$$libinit$$0000002C          0x0800014a   Section        0  libinit2.o(.ARM.Collect$$libinit$$0000002C)
    .ARM.Collect$$libinit$$0000002E          0x0800014a   Section        0  libinit2.o(.ARM.Collect$$libinit$$0000002E)
    .ARM.Collect$$libinit$$00000030          0x0800014a   Section        0  libinit2.o(.ARM.Collect$$libinit$$00000030)
    .ARM.Collect$$libinit$$00000032          0x0800014a   Section        0  libinit2.o(.ARM.Collect$$libinit$$00000032)
    .ARM.Collect$$libinit$$00000033          0x0800014a   Section        2  libinit2.o(.ARM.Collect$$libinit$$00000033)
    .ARM.Collect$$libshutdown$$00000000      0x0800014c   Section        2  libshutdown.o(.ARM.Collect$$libshutdown$$00000000)
    .ARM.Collect$$libshutdown$$00000002      0x0800014e   Section        0  libshutdown2.o(.ARM.Collect$$libshutdown$$00000002)
    .ARM.Collect$$libshutdown$$00000004      0x0800014e   Section        0  libshutdown2.o(.ARM.Collect$$libshutdown$$00000004)
    .ARM.Collect$$libshutdown$$00000007      0x0800014e   Section        0  libshutdown2.o(.ARM.Collect$$libshutdown$$00000007)
    .ARM.Collect$$libshutdown$$0000000A      0x0800014e   Section        0  libshutdown2.o(.ARM.Collect$$libshutdown$$0000000A)
    .ARM.Collect$$libshutdown$$0000000C      0x0800014e   Section        0  libshutdown2.o(.ARM.Collect$$libshutdown$$0000000C)
    .ARM.Collect$$libshutdown$$0000000F      0x0800014e   Section        0  libshutdown2.o(.ARM.Collect$$libshutdown$$0000000F)
    .ARM.Collect$$libshutdown$$00000010      0x0800014e   Section        2  libshutdown2.o(.ARM.Collect$$libshutdown$$00000010)
    .ARM.Collect$$rtentry$$00000000          0x08000150   Section        0  __rtentry.o(.ARM.Collect$$rtentry$$00000000)
    .ARM.Collect$$rtentry$$00000002          0x08000150   Section        0  __rtentry2.o(.ARM.Collect$$rtentry$$00000002)
    .ARM.Collect$$rtentry$$00000004          0x08000150   Section        6  __rtentry4.o(.ARM.Collect$$rtentry$$00000004)
    .ARM.Collect$$rtentry$$00000009          0x08000156   Section        0  __rtentry2.o(.ARM.Collect$$rtentry$$00000009)
    .ARM.Collect$$rtentry$$0000000A          0x08000156   Section        4  __rtentry2.o(.ARM.Collect$$rtentry$$0000000A)
    .ARM.Collect$$rtentry$$0000000C          0x0800015a   Section        0  __rtentry2.o(.ARM.Collect$$rtentry$$0000000C)
    .ARM.Collect$$rtentry$$0000000D          0x0800015a   Section        8  __rtentry2.o(.ARM.Collect$$rtentry$$0000000D)
    .ARM.Collect$$rtexit$$00000000           0x08000162   Section        2  rtexit.o(.ARM.Collect$$rtexit$$00000000)
    .ARM.Collect$$rtexit$$00000002           0x08000164   Section        0  rtexit2.o(.ARM.Collect$$rtexit$$00000002)
    .ARM.Collect$$rtexit$$00000003           0x08000164   Section        4  rtexit2.o(.ARM.Collect$$rtexit$$00000003)
    .ARM.Collect$$rtexit$$00000004           0x08000168   Section        6  rtexit2.o(.ARM.Collect$$rtexit$$00000004)
    .emb_text                                0x08000170   Section       56  rt_memcpy.o(.emb_text)
    .text                                    0x080001a8   Section       56  startup_stm32g0b1xx.o(.text)
    .text                                    0x080001e0   Section        0  lludiv.o(.text)
    .text                                    0x080002e4   Section        0  noretval__2sprintf.o(.text)
    .text                                    0x0800030c   Section        0  __printf.o(.text)
    .text                                    0x08000378   Section        0  _printf_str.o(.text)
    .text                                    0x080003ca   Section        0  strstr.o(.text)
    .text                                    0x080003f4   Section        0  strlen.o(.text)
    .text                                    0x08000438   Section        0  rt_memclr.o(.text)
    .text                                    0x08000478   Section      346  aeabi_sdiv.o(.text)
    .text                                    0x080005d2   Section        0  heapauxi.o(.text)
    .text                                    0x080005d8   Section        0  _printf_char_common.o(.text)
    _printf_input_char                       0x080005d9   Thumb Code    10  _printf_char_common.o(.text)
    .text                                    0x08000608   Section        0  _sputc.o(.text)
    .text                                    0x08000612   Section        0  _printf_char.o(.text)
    .text                                    0x08000640   Section       62  sys_stackheap_outer.o(.text)
    .text                                    0x0800067e   Section        0  exit.o(.text)
    .text                                    0x08000690   Section        8  libspace.o(.text)
    .text                                    0x08000698   Section        0  sys_exit.o(.text)
    .text                                    0x080006a4   Section        2  use_no_semi.o(.text)
    .text                                    0x080006a6   Section        0  indicate_semi.o(.text)
    i.DMA1_Channel1_IRQHandler               0x080006a8   Section        0  stm32g0xx_it.o(i.DMA1_Channel1_IRQHandler)
    i.DMA1_Channel2_3_IRQHandler             0x080006b8   Section        0  stm32g0xx_it.o(i.DMA1_Channel2_3_IRQHandler)
    i.DMA_CalcDMAMUXChannelBaseAndMask       0x080006c8   Section        0  stm32g0xx_hal_dma.o(i.DMA_CalcDMAMUXChannelBaseAndMask)
    DMA_CalcDMAMUXChannelBaseAndMask         0x080006c9   Thumb Code    64  stm32g0xx_hal_dma.o(i.DMA_CalcDMAMUXChannelBaseAndMask)
    i.DMA_CalcDMAMUXRequestGenBaseAndMask    0x08000710   Section        0  stm32g0xx_hal_dma.o(i.DMA_CalcDMAMUXRequestGenBaseAndMask)
    DMA_CalcDMAMUXRequestGenBaseAndMask      0x08000711   Thumb Code    34  stm32g0xx_hal_dma.o(i.DMA_CalcDMAMUXRequestGenBaseAndMask)
    i.ESP8266_Clear                          0x08000738   Section        0  esp8266.o(i.ESP8266_Clear)
    i.ESP8266_Init                           0x08000754   Section        0  esp8266.o(i.ESP8266_Init)
    i.ESP8266_SendCmd                        0x08000850   Section        0  esp8266.o(i.ESP8266_SendCmd)
    i.ESP8266_WaitRecive                     0x080008a4   Section        0  esp8266.o(i.ESP8266_WaitRecive)
    i.Error_Handler                          0x080008c8   Section        0  main.o(i.Error_Handler)
    i.HAL_DMA_Abort                          0x080008cc   Section        0  stm32g0xx_hal_dma.o(i.HAL_DMA_Abort)
    i.HAL_DMA_Abort_IT                       0x08000938   Section        0  stm32g0xx_hal_dma.o(i.HAL_DMA_Abort_IT)
    i.HAL_DMA_IRQHandler                     0x080009a8   Section        0  stm32g0xx_hal_dma.o(i.HAL_DMA_IRQHandler)
    i.HAL_DMA_Init                           0x08000a6c   Section        0  stm32g0xx_hal_dma.o(i.HAL_DMA_Init)
    i.HAL_Delay                              0x08000b38   Section        0  stm32g0xx_hal.o(i.HAL_Delay)
    i.HAL_GPIO_Init                          0x08000b5c   Section        0  stm32g0xx_hal_gpio.o(i.HAL_GPIO_Init)
    i.HAL_GetTick                            0x08000cc0   Section        0  stm32g0xx_hal.o(i.HAL_GetTick)
    i.HAL_I2CEx_ConfigAnalogFilter           0x08000ccc   Section        0  stm32g0xx_hal_i2c_ex.o(i.HAL_I2CEx_ConfigAnalogFilter)
    i.HAL_I2CEx_ConfigDigitalFilter          0x08000d16   Section        0  stm32g0xx_hal_i2c_ex.o(i.HAL_I2CEx_ConfigDigitalFilter)
    i.HAL_I2C_Init                           0x08000d60   Section        0  stm32g0xx_hal_i2c.o(i.HAL_I2C_Init)
    i.HAL_I2C_Mem_Write                      0x08000e1c   Section        0  stm32g0xx_hal_i2c.o(i.HAL_I2C_Mem_Write)
    i.HAL_I2C_MspInit                        0x08000f68   Section        0  i2c.o(i.HAL_I2C_MspInit)
    i.HAL_IncTick                            0x08000fe4   Section        0  stm32g0xx_hal.o(i.HAL_IncTick)
    i.HAL_Init                               0x08000ff4   Section        0  stm32g0xx_hal.o(i.HAL_Init)
    i.HAL_InitTick                           0x0800101c   Section        0  stm32g0xx_hal.o(i.HAL_InitTick)
    i.HAL_MspInit                            0x08001064   Section        0  stm32g0xx_hal_msp.o(i.HAL_MspInit)
    i.HAL_NVIC_EnableIRQ                     0x08001098   Section        0  stm32g0xx_hal_cortex.o(i.HAL_NVIC_EnableIRQ)
    i.HAL_NVIC_SetPriority                   0x080010b0   Section        0  stm32g0xx_hal_cortex.o(i.HAL_NVIC_SetPriority)
    i.HAL_PWREx_ControlVoltageScaling        0x080010b8   Section        0  stm32g0xx_hal_pwr_ex.o(i.HAL_PWREx_ControlVoltageScaling)
    i.HAL_RCCEx_PeriphCLKConfig              0x08001104   Section        0  stm32g0xx_hal_rcc_ex.o(i.HAL_RCCEx_PeriphCLKConfig)
    i.HAL_RCC_ClockConfig                    0x08001384   Section        0  stm32g0xx_hal_rcc.o(i.HAL_RCC_ClockConfig)
    i.HAL_RCC_GetPCLK1Freq                   0x080014dc   Section        0  stm32g0xx_hal_rcc.o(i.HAL_RCC_GetPCLK1Freq)
    i.HAL_RCC_GetSysClockFreq                0x08001504   Section        0  stm32g0xx_hal_rcc.o(i.HAL_RCC_GetSysClockFreq)
    i.HAL_RCC_OscConfig                      0x08001594   Section        0  stm32g0xx_hal_rcc.o(i.HAL_RCC_OscConfig)
    i.HAL_SYSCFG_StrobeDBattpinsConfig       0x080019cc   Section        0  stm32g0xx_hal.o(i.HAL_SYSCFG_StrobeDBattpinsConfig)
    i.HAL_SYSTICK_Config                     0x080019e0   Section        0  stm32g0xx_hal_cortex.o(i.HAL_SYSTICK_Config)
    i.HAL_UARTEx_DisableFifoMode             0x08001a10   Section        0  stm32g0xx_hal_uart_ex.o(i.HAL_UARTEx_DisableFifoMode)
    i.HAL_UARTEx_RxEventCallback             0x08001a4c   Section        0  stm32g0xx_hal_uart.o(i.HAL_UARTEx_RxEventCallback)
    i.HAL_UARTEx_RxFifoFullCallback          0x08001a4e   Section        0  stm32g0xx_hal_uart_ex.o(i.HAL_UARTEx_RxFifoFullCallback)
    i.HAL_UARTEx_SetRxFifoThreshold          0x08001a50   Section        0  stm32g0xx_hal_uart_ex.o(i.HAL_UARTEx_SetRxFifoThreshold)
    i.HAL_UARTEx_SetTxFifoThreshold          0x08001a98   Section        0  stm32g0xx_hal_uart_ex.o(i.HAL_UARTEx_SetTxFifoThreshold)
    i.HAL_UARTEx_TxFifoEmptyCallback         0x08001ade   Section        0  stm32g0xx_hal_uart_ex.o(i.HAL_UARTEx_TxFifoEmptyCallback)
    i.HAL_UARTEx_WakeupCallback              0x08001ae0   Section        0  stm32g0xx_hal_uart_ex.o(i.HAL_UARTEx_WakeupCallback)
    i.HAL_UART_ErrorCallback                 0x08001ae2   Section        0  stm32g0xx_hal_uart.o(i.HAL_UART_ErrorCallback)
    i.HAL_UART_IRQHandler                    0x08001ae4   Section        0  stm32g0xx_hal_uart.o(i.HAL_UART_IRQHandler)
    i.HAL_UART_Init                          0x08001dd4   Section        0  stm32g0xx_hal_uart.o(i.HAL_UART_Init)
    i.HAL_UART_MspInit                       0x08001e40   Section        0  usart.o(i.HAL_UART_MspInit)
    i.HAL_UART_Receive_IT                    0x08001f34   Section        0  stm32g0xx_hal_uart.o(i.HAL_UART_Receive_IT)
    i.HAL_UART_RxCpltCallback                0x08001fa0   Section        0  esp8266.o(i.HAL_UART_RxCpltCallback)
    i.HAL_UART_Transmit                      0x08002000   Section        0  stm32g0xx_hal_uart.o(i.HAL_UART_Transmit)
    i.HAL_UART_TxCpltCallback                0x080020ce   Section        0  esp8266.o(i.HAL_UART_TxCpltCallback)
    i.HardFault_Handler                      0x080020d0   Section        0  stm32g0xx_it.o(i.HardFault_Handler)
    i.I2C_Flush_TXDR                         0x080020d2   Section        0  stm32g0xx_hal_i2c.o(i.I2C_Flush_TXDR)
    I2C_Flush_TXDR                           0x080020d3   Thumb Code    34  stm32g0xx_hal_i2c.o(i.I2C_Flush_TXDR)
    i.I2C_IsErrorOccurred                    0x080020f4   Section        0  stm32g0xx_hal_i2c.o(i.I2C_IsErrorOccurred)
    I2C_IsErrorOccurred                      0x080020f5   Thumb Code   266  stm32g0xx_hal_i2c.o(i.I2C_IsErrorOccurred)
    i.I2C_RequestMemoryWrite                 0x08002204   Section        0  stm32g0xx_hal_i2c.o(i.I2C_RequestMemoryWrite)
    I2C_RequestMemoryWrite                   0x08002205   Thumb Code    92  stm32g0xx_hal_i2c.o(i.I2C_RequestMemoryWrite)
    i.I2C_TransferConfig                     0x08002264   Section        0  stm32g0xx_hal_i2c.o(i.I2C_TransferConfig)
    I2C_TransferConfig                       0x08002265   Thumb Code    38  stm32g0xx_hal_i2c.o(i.I2C_TransferConfig)
    i.I2C_WaitOnFlagUntilTimeout             0x08002290   Section        0  stm32g0xx_hal_i2c.o(i.I2C_WaitOnFlagUntilTimeout)
    I2C_WaitOnFlagUntilTimeout               0x08002291   Thumb Code   114  stm32g0xx_hal_i2c.o(i.I2C_WaitOnFlagUntilTimeout)
    i.I2C_WaitOnSTOPFlagUntilTimeout         0x08002302   Section        0  stm32g0xx_hal_i2c.o(i.I2C_WaitOnSTOPFlagUntilTimeout)
    I2C_WaitOnSTOPFlagUntilTimeout           0x08002303   Thumb Code    86  stm32g0xx_hal_i2c.o(i.I2C_WaitOnSTOPFlagUntilTimeout)
    i.I2C_WaitOnTXISFlagUntilTimeout         0x08002358   Section        0  stm32g0xx_hal_i2c.o(i.I2C_WaitOnTXISFlagUntilTimeout)
    I2C_WaitOnTXISFlagUntilTimeout           0x08002359   Thumb Code    90  stm32g0xx_hal_i2c.o(i.I2C_WaitOnTXISFlagUntilTimeout)
    i.MX_DMA_Init                            0x080023b4   Section        0  dma.o(i.MX_DMA_Init)
    i.MX_GPIO_Init                           0x080023ec   Section        0  gpio.o(i.MX_GPIO_Init)
    i.MX_I2C2_Init                           0x08002420   Section        0  i2c.o(i.MX_I2C2_Init)
    i.MX_USART1_UART_Init                    0x08002478   Section        0  usart.o(i.MX_USART1_UART_Init)
    i.NMI_Handler                            0x080024e0   Section        0  stm32g0xx_it.o(i.NMI_Handler)
    i.OLED_Clear                             0x080024e2   Section        0  oled.o(i.OLED_Clear)
    i.OLED_Init                              0x08002516   Section        0  oled.o(i.OLED_Init)
    i.OLED_Set_Pos                           0x08002524   Section        0  oled.o(i.OLED_Set_Pos)
    i.OLED_ShowChar                          0x08002544   Section        0  oled.o(i.OLED_ShowChar)
    i.OLED_ShowString                        0x080025c4   Section        0  oled.o(i.OLED_ShowString)
    i.OLED_WR_CMD                            0x080025f8   Section        0  oled.o(i.OLED_WR_CMD)
    i.OLED_WR_DATA                           0x08002620   Section        0  oled.o(i.OLED_WR_DATA)
    i.PendSV_Handler                         0x08002648   Section        0  stm32g0xx_it.o(i.PendSV_Handler)
    i.SVC_Handler                            0x0800264a   Section        0  stm32g0xx_it.o(i.SVC_Handler)
    i.SysTick_Handler                        0x0800264c   Section        0  stm32g0xx_it.o(i.SysTick_Handler)
    i.SystemClock_Config                     0x08002654   Section        0  main.o(i.SystemClock_Config)
    i.SystemInit                             0x080026c0   Section        0  system_stm32g0xx.o(i.SystemInit)
    i.UARTEx_SetNbDataToProcess              0x080026c4   Section        0  stm32g0xx_hal_uart_ex.o(i.UARTEx_SetNbDataToProcess)
    UARTEx_SetNbDataToProcess                0x080026c5   Thumb Code    62  stm32g0xx_hal_uart_ex.o(i.UARTEx_SetNbDataToProcess)
    i.UART_AdvFeatureConfig                  0x08002708   Section        0  stm32g0xx_hal_uart.o(i.UART_AdvFeatureConfig)
    i.UART_CheckIdleState                    0x080027d4   Section        0  stm32g0xx_hal_uart.o(i.UART_CheckIdleState)
    i.UART_DMAAbortOnError                   0x0800288c   Section        0  stm32g0xx_hal_uart.o(i.UART_DMAAbortOnError)
    UART_DMAAbortOnError                     0x0800288d   Thumb Code    20  stm32g0xx_hal_uart.o(i.UART_DMAAbortOnError)
    i.UART_EndRxTransfer                     0x080028a0   Section        0  stm32g0xx_hal_uart.o(i.UART_EndRxTransfer)
    UART_EndRxTransfer                       0x080028a1   Thumb Code    96  stm32g0xx_hal_uart.o(i.UART_EndRxTransfer)
    i.UART_RxISR_16BIT                       0x08002904   Section        0  stm32g0xx_hal_uart.o(i.UART_RxISR_16BIT)
    UART_RxISR_16BIT                         0x08002905   Thumb Code   218  stm32g0xx_hal_uart.o(i.UART_RxISR_16BIT)
    i.UART_RxISR_16BIT_FIFOEN                0x080029e8   Section        0  stm32g0xx_hal_uart.o(i.UART_RxISR_16BIT_FIFOEN)
    UART_RxISR_16BIT_FIFOEN                  0x080029e9   Thumb Code   440  stm32g0xx_hal_uart.o(i.UART_RxISR_16BIT_FIFOEN)
    i.UART_RxISR_8BIT                        0x08002bb0   Section        0  stm32g0xx_hal_uart.o(i.UART_RxISR_8BIT)
    UART_RxISR_8BIT                          0x08002bb1   Thumb Code   218  stm32g0xx_hal_uart.o(i.UART_RxISR_8BIT)
    i.UART_RxISR_8BIT_FIFOEN                 0x08002c94   Section        0  stm32g0xx_hal_uart.o(i.UART_RxISR_8BIT_FIFOEN)
    UART_RxISR_8BIT_FIFOEN                   0x08002c95   Thumb Code   440  stm32g0xx_hal_uart.o(i.UART_RxISR_8BIT_FIFOEN)
    i.UART_SetConfig                         0x08002e5c   Section        0  stm32g0xx_hal_uart.o(i.UART_SetConfig)
    i.UART_Start_Receive_IT                  0x080030f0   Section        0  stm32g0xx_hal_uart.o(i.UART_Start_Receive_IT)
    i.UART_WaitOnFlagUntilTimeout            0x0800321c   Section        0  stm32g0xx_hal_uart.o(i.UART_WaitOnFlagUntilTimeout)
    i.USART1_IRQHandler                      0x080032ac   Section        0  stm32g0xx_it.o(i.USART1_IRQHandler)
    i.WriteCmd                               0x080032bc   Section        0  oled.o(i.WriteCmd)
    i.__NVIC_SetPriority                     0x080032f0   Section        0  stm32g0xx_hal_cortex.o(i.__NVIC_SetPriority)
    __NVIC_SetPriority                       0x080032f1   Thumb Code    60  stm32g0xx_hal_cortex.o(i.__NVIC_SetPriority)
    i.main                                   0x08003334   Section        0  main.o(i.main)
    .constdata                               0x080033c4   Section    13276  oled.o(.constdata)
    .constdata                               0x080067a0   Section       24  stm32g0xx_hal_uart.o(.constdata)
    .constdata                               0x080067b8   Section       16  stm32g0xx_hal_uart_ex.o(.constdata)
    numerator                                0x080067b8   Data           8  stm32g0xx_hal_uart_ex.o(.constdata)
    denominator                              0x080067c0   Data           8  stm32g0xx_hal_uart_ex.o(.constdata)
    .constdata                               0x080067c8   Section       64  system_stm32g0xx.o(.constdata)
    .constdata                               0x08006808   Section       32  system_stm32g0xx.o(.constdata)
    .data                                    0x20000000   Section       27  esp8266.o(.data)
    .data                                    0x2000001b   Section       27  oled.o(.data)
    .data                                    0x20000038   Section       12  stm32g0xx_hal.o(.data)
    .data                                    0x20000044   Section        4  system_stm32g0xx.o(.data)
    .bss                                     0x20000048   Section      256  esp8266.o(.bss)
    .bss                                     0x20000148   Section       84  i2c.o(.bss)
    .bss                                     0x2000019c   Section      340  usart.o(.bss)
    .bss                                     0x200002f0   Section       96  libspace.o(.bss)
    HEAP                                     0x20000350   Section      512  startup_stm32g0b1xx.o(HEAP)
    Heap_Mem                                 0x20000350   Data         512  startup_stm32g0b1xx.o(HEAP)
    STACK                                    0x20000550   Section     1024  startup_stm32g0b1xx.o(STACK)
    Stack_Mem                                0x20000550   Data        1024  startup_stm32g0b1xx.o(STACK)
    __initial_sp                             0x20000950   Data           0  startup_stm32g0b1xx.o(STACK)

    Global Symbols

    Symbol Name                              Value     Ov Type        Size  Object(Section)

    BuildAttributes$$THM_ISAv3M$S$PE$A:L22$X:L11$S22$IEEE1$IW$USESV6$~STKCKD$USESV7$~SHL$OSPACE$ROPI$EBA8$UX$STANDARDLIB$REQ8$PRES8$EABIv2 0x00000000   Number         0  anon$$obj.o ABSOLUTE
    __ARM_use_no_argv                        0x00000000   Number         0  main.o ABSOLUTE
    __ARM_exceptions_init                     - Undefined Weak Reference
    __alloca_initialize                       - Undefined Weak Reference
    __arm_preinit_                            - Undefined Weak Reference
    __cpp_initialize__aeabi_                  - Undefined Weak Reference
    __cxa_finalize                            - Undefined Weak Reference
    __rt_locale                               - Undefined Weak Reference
    __sigvec_lookup                           - Undefined Weak Reference
    _atexit_init                              - Undefined Weak Reference
    _call_atexit_fns                          - Undefined Weak Reference
    _clock_init                               - Undefined Weak Reference
    _fp_trap_init                             - Undefined Weak Reference
    _fp_trap_shutdown                         - Undefined Weak Reference
    _get_lc_collate                           - Undefined Weak Reference
    _get_lc_ctype                             - Undefined Weak Reference
    _get_lc_monetary                          - Undefined Weak Reference
    _get_lc_numeric                           - Undefined Weak Reference
    _get_lc_time                              - Undefined Weak Reference
    _getenv_init                              - Undefined Weak Reference
    _handle_redirection                       - Undefined Weak Reference
    _init_alloc                               - Undefined Weak Reference
    _init_user_alloc                          - Undefined Weak Reference
    _initio                                   - Undefined Weak Reference
    _printf_mbtowc                            - Undefined Weak Reference
    _printf_post_padding                      - Undefined Weak Reference
    _printf_pre_padding                       - Undefined Weak Reference
    _rand_init                                - Undefined Weak Reference
    _signal_finish                            - Undefined Weak Reference
    _signal_init                              - Undefined Weak Reference
    _terminate_alloc                          - Undefined Weak Reference
    _terminate_user_alloc                     - Undefined Weak Reference
    _terminateio                              - Undefined Weak Reference
    __Vectors_Size                           0x000000bc   Number         0  startup_stm32g0b1xx.o ABSOLUTE
    __Vectors                                0x08000000   Data           4  startup_stm32g0b1xx.o(RESET)
    __Vectors_End                            0x080000bc   Data           0  startup_stm32g0b1xx.o(RESET)
    __main                                   0x080000bd   Thumb Code     8  __main.o(!!!main)
    __scatterload                            0x080000c5   Thumb Code     0  __scatter.o(!!!scatter)
    __scatterload_rt2                        0x080000c5   Thumb Code    52  __scatter.o(!!!scatter)
    __scatterload_rt2_thumb_only             0x080000c5   Thumb Code     0  __scatter.o(!!!scatter)
    __scatterload_null                       0x080000d5   Thumb Code     0  __scatter.o(!!!scatter)
    __scatterload_copy                       0x08000101   Thumb Code    26  __scatter_copy.o(!!handler_copy)
    __scatterload_zeroinit                   0x0800011d   Thumb Code    28  __scatter_zi.o(!!handler_zi)
    _printf_percent                          0x08000139   Thumb Code     0  _printf_percent.o(.ARM.Collect$$_printf_percent$$00000000)
    _printf_s                                0x0800013b   Thumb Code     0  _printf_s.o(.ARM.Collect$$_printf_percent$$00000014)
    _printf_percent_end                      0x08000145   Thumb Code     0  _printf_percent_end.o(.ARM.Collect$$_printf_percent$$00000017)
    __rt_lib_init                            0x08000149   Thumb Code     0  libinit.o(.ARM.Collect$$libinit$$00000000)
    __rt_lib_init_alloca_1                   0x0800014b   Thumb Code     0  libinit2.o(.ARM.Collect$$libinit$$0000002E)
    __rt_lib_init_argv_1                     0x0800014b   Thumb Code     0  libinit2.o(.ARM.Collect$$libinit$$0000002C)
    __rt_lib_init_atexit_1                   0x0800014b   Thumb Code     0  libinit2.o(.ARM.Collect$$libinit$$0000001B)
    __rt_lib_init_clock_1                    0x0800014b   Thumb Code     0  libinit2.o(.ARM.Collect$$libinit$$00000021)
    __rt_lib_init_cpp_1                      0x0800014b   Thumb Code     0  libinit2.o(.ARM.Collect$$libinit$$00000032)
    __rt_lib_init_exceptions_1               0x0800014b   Thumb Code     0  libinit2.o(.ARM.Collect$$libinit$$00000030)
    __rt_lib_init_fp_1                       0x0800014b   Thumb Code     0  libinit2.o(.ARM.Collect$$libinit$$00000002)
    __rt_lib_init_fp_trap_1                  0x0800014b   Thumb Code     0  libinit2.o(.ARM.Collect$$libinit$$0000001F)
    __rt_lib_init_getenv_1                   0x0800014b   Thumb Code     0  libinit2.o(.ARM.Collect$$libinit$$00000023)
    __rt_lib_init_heap_1                     0x0800014b   Thumb Code     0  libinit2.o(.ARM.Collect$$libinit$$0000000A)
    __rt_lib_init_lc_collate_1               0x0800014b   Thumb Code     0  libinit2.o(.ARM.Collect$$libinit$$00000011)
    __rt_lib_init_lc_ctype_1                 0x0800014b   Thumb Code     0  libinit2.o(.ARM.Collect$$libinit$$00000013)
    __rt_lib_init_lc_monetary_1              0x0800014b   Thumb Code     0  libinit2.o(.ARM.Collect$$libinit$$00000015)
    __rt_lib_init_lc_numeric_1               0x0800014b   Thumb Code     0  libinit2.o(.ARM.Collect$$libinit$$00000017)
    __rt_lib_init_lc_time_1                  0x0800014b   Thumb Code     0  libinit2.o(.ARM.Collect$$libinit$$00000019)
    __rt_lib_init_preinit_1                  0x0800014b   Thumb Code     0  libinit2.o(.ARM.Collect$$libinit$$00000004)
    __rt_lib_init_rand_1                     0x0800014b   Thumb Code     0  libinit2.o(.ARM.Collect$$libinit$$0000000E)
    __rt_lib_init_return                     0x0800014b   Thumb Code     0  libinit2.o(.ARM.Collect$$libinit$$00000033)
    __rt_lib_init_signal_1                   0x0800014b   Thumb Code     0  libinit2.o(.ARM.Collect$$libinit$$0000001D)
    __rt_lib_init_stdio_1                    0x0800014b   Thumb Code     0  libinit2.o(.ARM.Collect$$libinit$$00000025)
    __rt_lib_init_user_alloc_1               0x0800014b   Thumb Code     0  libinit2.o(.ARM.Collect$$libinit$$0000000C)
    __rt_lib_shutdown                        0x0800014d   Thumb Code     0  libshutdown.o(.ARM.Collect$$libshutdown$$00000000)
    __rt_lib_shutdown_cpp_1                  0x0800014f   Thumb Code     0  libshutdown2.o(.ARM.Collect$$libshutdown$$00000002)
    __rt_lib_shutdown_fp_trap_1              0x0800014f   Thumb Code     0  libshutdown2.o(.ARM.Collect$$libshutdown$$00000007)
    __rt_lib_shutdown_heap_1                 0x0800014f   Thumb Code     0  libshutdown2.o(.ARM.Collect$$libshutdown$$0000000F)
    __rt_lib_shutdown_return                 0x0800014f   Thumb Code     0  libshutdown2.o(.ARM.Collect$$libshutdown$$00000010)
    __rt_lib_shutdown_signal_1               0x0800014f   Thumb Code     0  libshutdown2.o(.ARM.Collect$$libshutdown$$0000000A)
    __rt_lib_shutdown_stdio_1                0x0800014f   Thumb Code     0  libshutdown2.o(.ARM.Collect$$libshutdown$$00000004)
    __rt_lib_shutdown_user_alloc_1           0x0800014f   Thumb Code     0  libshutdown2.o(.ARM.Collect$$libshutdown$$0000000C)
    __rt_entry                               0x08000151   Thumb Code     0  __rtentry.o(.ARM.Collect$$rtentry$$00000000)
    __rt_entry_presh_1                       0x08000151   Thumb Code     0  __rtentry2.o(.ARM.Collect$$rtentry$$00000002)
    __rt_entry_sh                            0x08000151   Thumb Code     0  __rtentry4.o(.ARM.Collect$$rtentry$$00000004)
    __rt_entry_li                            0x08000157   Thumb Code     0  __rtentry2.o(.ARM.Collect$$rtentry$$0000000A)
    __rt_entry_postsh_1                      0x08000157   Thumb Code     0  __rtentry2.o(.ARM.Collect$$rtentry$$00000009)
    __rt_entry_main                          0x0800015b   Thumb Code     0  __rtentry2.o(.ARM.Collect$$rtentry$$0000000D)
    __rt_entry_postli_1                      0x0800015b   Thumb Code     0  __rtentry2.o(.ARM.Collect$$rtentry$$0000000C)
    __rt_exit                                0x08000163   Thumb Code     0  rtexit.o(.ARM.Collect$$rtexit$$00000000)
    __rt_exit_ls                             0x08000165   Thumb Code     0  rtexit2.o(.ARM.Collect$$rtexit$$00000003)
    __rt_exit_prels_1                        0x08000165   Thumb Code     0  rtexit2.o(.ARM.Collect$$rtexit$$00000002)
    __rt_exit_exit                           0x08000169   Thumb Code     0  rtexit2.o(.ARM.Collect$$rtexit$$00000004)
    __aeabi_memcpy4                          0x08000171   Thumb Code    56  rt_memcpy.o(.emb_text)
    __aeabi_memcpy8                          0x08000171   Thumb Code     0  rt_memcpy.o(.emb_text)
    Reset_Handler                            0x080001a9   Thumb Code     8  startup_stm32g0b1xx.o(.text)
    ADC1_COMP_IRQHandler                     0x080001bb   Thumb Code     0  startup_stm32g0b1xx.o(.text)
    CEC_IRQHandler                           0x080001bb   Thumb Code     0  startup_stm32g0b1xx.o(.text)
    DMA1_Ch4_7_DMA2_Ch1_5_DMAMUX1_OVR_IRQHandler 0x080001bb   Thumb Code     0  startup_stm32g0b1xx.o(.text)
    EXTI0_1_IRQHandler                       0x080001bb   Thumb Code     0  startup_stm32g0b1xx.o(.text)
    EXTI2_3_IRQHandler                       0x080001bb   Thumb Code     0  startup_stm32g0b1xx.o(.text)
    EXTI4_15_IRQHandler                      0x080001bb   Thumb Code     0  startup_stm32g0b1xx.o(.text)
    FLASH_IRQHandler                         0x080001bb   Thumb Code     0  startup_stm32g0b1xx.o(.text)
    I2C1_IRQHandler                          0x080001bb   Thumb Code     0  startup_stm32g0b1xx.o(.text)
    I2C2_3_IRQHandler                        0x080001bb   Thumb Code     0  startup_stm32g0b1xx.o(.text)
    PVD_VDDIO2_IRQHandler                    0x080001bb   Thumb Code     0  startup_stm32g0b1xx.o(.text)
    RCC_CRS_IRQHandler                       0x080001bb   Thumb Code     0  startup_stm32g0b1xx.o(.text)
    RTC_TAMP_IRQHandler                      0x080001bb   Thumb Code     0  startup_stm32g0b1xx.o(.text)
    SPI1_IRQHandler                          0x080001bb   Thumb Code     0  startup_stm32g0b1xx.o(.text)
    SPI2_3_IRQHandler                        0x080001bb   Thumb Code     0  startup_stm32g0b1xx.o(.text)
    TIM14_IRQHandler                         0x080001bb   Thumb Code     0  startup_stm32g0b1xx.o(.text)
    TIM15_IRQHandler                         0x080001bb   Thumb Code     0  startup_stm32g0b1xx.o(.text)
    TIM16_FDCAN_IT0_IRQHandler               0x080001bb   Thumb Code     0  startup_stm32g0b1xx.o(.text)
    TIM17_FDCAN_IT1_IRQHandler               0x080001bb   Thumb Code     0  startup_stm32g0b1xx.o(.text)
    TIM1_BRK_UP_TRG_COM_IRQHandler           0x080001bb   Thumb Code     0  startup_stm32g0b1xx.o(.text)
    TIM1_CC_IRQHandler                       0x080001bb   Thumb Code     0  startup_stm32g0b1xx.o(.text)
    TIM2_IRQHandler                          0x080001bb   Thumb Code     0  startup_stm32g0b1xx.o(.text)
    TIM3_TIM4_IRQHandler                     0x080001bb   Thumb Code     0  startup_stm32g0b1xx.o(.text)
    TIM6_DAC_LPTIM1_IRQHandler               0x080001bb   Thumb Code     0  startup_stm32g0b1xx.o(.text)
    TIM7_LPTIM2_IRQHandler                   0x080001bb   Thumb Code     0  startup_stm32g0b1xx.o(.text)
    USART2_LPUART2_IRQHandler                0x080001bb   Thumb Code     0  startup_stm32g0b1xx.o(.text)
    USART3_4_5_6_LPUART1_IRQHandler          0x080001bb   Thumb Code     0  startup_stm32g0b1xx.o(.text)
    USB_UCPD1_2_IRQHandler                   0x080001bb   Thumb Code     0  startup_stm32g0b1xx.o(.text)
    WWDG_IRQHandler                          0x080001bb   Thumb Code     0  startup_stm32g0b1xx.o(.text)
    __user_initial_stackheap                 0x080001bd   Thumb Code     0  startup_stm32g0b1xx.o(.text)
    __aeabi_uldivmod                         0x080001e1   Thumb Code   258  lludiv.o(.text)
    _ll_udiv                                 0x080001e1   Thumb Code     0  lludiv.o(.text)
    __2sprintf                               0x080002e5   Thumb Code    36  noretval__2sprintf.o(.text)
    __printf                                 0x0800030d   Thumb Code   108  __printf.o(.text)
    _printf_str                              0x08000379   Thumb Code    82  _printf_str.o(.text)
    strstr                                   0x080003cb   Thumb Code    40  strstr.o(.text)
    strlen                                   0x080003f5   Thumb Code    62  strlen.o(.text)
    _memset_w                                0x08000439   Thumb Code    26  rt_memclr.o(.text)
    _memset                                  0x08000453   Thumb Code    30  rt_memclr.o(.text)
    __aeabi_memclr                           0x08000471   Thumb Code     4  rt_memclr.o(.text)
    __rt_memclr                              0x08000471   Thumb Code     0  rt_memclr.o(.text)
    __aeabi_memclr4                          0x08000475   Thumb Code     0  rt_memclr.o(.text)
    __aeabi_memclr8                          0x08000475   Thumb Code     0  rt_memclr.o(.text)
    __rt_memclr_w                            0x08000475   Thumb Code     4  rt_memclr.o(.text)
    __aeabi_uidiv                            0x08000479   Thumb Code     0  aeabi_sdiv.o(.text)
    __aeabi_uidivmod                         0x08000479   Thumb Code    20  aeabi_sdiv.o(.text)
    __aeabi_idiv                             0x0800048d   Thumb Code     0  aeabi_sdiv.o(.text)
    __aeabi_idivmod                          0x0800048d   Thumb Code   326  aeabi_sdiv.o(.text)
    __use_two_region_memory                  0x080005d3   Thumb Code     2  heapauxi.o(.text)
    __rt_heap_escrow$2region                 0x080005d5   Thumb Code     2  heapauxi.o(.text)
    __rt_heap_expand$2region                 0x080005d7   Thumb Code     2  heapauxi.o(.text)
    _printf_char_common                      0x080005e3   Thumb Code    32  _printf_char_common.o(.text)
    _sputc                                   0x08000609   Thumb Code    10  _sputc.o(.text)
    _printf_cs_common                        0x08000613   Thumb Code    22  _printf_char.o(.text)
    _printf_char                             0x08000629   Thumb Code    16  _printf_char.o(.text)
    _printf_string                           0x08000639   Thumb Code     8  _printf_char.o(.text)
    __user_setup_stackheap                   0x08000641   Thumb Code    62  sys_stackheap_outer.o(.text)
    exit                                     0x0800067f   Thumb Code    16  exit.o(.text)
    __user_libspace                          0x08000691   Thumb Code     8  libspace.o(.text)
    __user_perproc_libspace                  0x08000691   Thumb Code     0  libspace.o(.text)
    __user_perthread_libspace                0x08000691   Thumb Code     0  libspace.o(.text)
    _sys_exit                                0x08000699   Thumb Code     8  sys_exit.o(.text)
    __I$use$semihosting                      0x080006a5   Thumb Code     0  use_no_semi.o(.text)
    __use_no_semihosting_swi                 0x080006a5   Thumb Code     2  use_no_semi.o(.text)
    __semihosting_library_function           0x080006a7   Thumb Code     0  indicate_semi.o(.text)
    DMA1_Channel1_IRQHandler                 0x080006a9   Thumb Code    10  stm32g0xx_it.o(i.DMA1_Channel1_IRQHandler)
    DMA1_Channel2_3_IRQHandler               0x080006b9   Thumb Code    10  stm32g0xx_it.o(i.DMA1_Channel2_3_IRQHandler)
    ESP8266_Clear                            0x08000739   Thumb Code    20  esp8266.o(i.ESP8266_Clear)
    ESP8266_Init                             0x08000755   Thumb Code   164  esp8266.o(i.ESP8266_Init)
    ESP8266_SendCmd                          0x08000851   Thumb Code    76  esp8266.o(i.ESP8266_SendCmd)
    ESP8266_WaitRecive                       0x080008a5   Thumb Code    30  esp8266.o(i.ESP8266_WaitRecive)
    Error_Handler                            0x080008c9   Thumb Code     4  main.o(i.Error_Handler)
    HAL_DMA_Abort                            0x080008cd   Thumb Code   108  stm32g0xx_hal_dma.o(i.HAL_DMA_Abort)
    HAL_DMA_Abort_IT                         0x08000939   Thumb Code   112  stm32g0xx_hal_dma.o(i.HAL_DMA_Abort_IT)
    HAL_DMA_IRQHandler                       0x080009a9   Thumb Code   188  stm32g0xx_hal_dma.o(i.HAL_DMA_IRQHandler)
    HAL_DMA_Init                             0x08000a6d   Thumb Code   188  stm32g0xx_hal_dma.o(i.HAL_DMA_Init)
    HAL_Delay                                0x08000b39   Thumb Code    32  stm32g0xx_hal.o(i.HAL_Delay)
    HAL_GPIO_Init                            0x08000b5d   Thumb Code   336  stm32g0xx_hal_gpio.o(i.HAL_GPIO_Init)
    HAL_GetTick                              0x08000cc1   Thumb Code     6  stm32g0xx_hal.o(i.HAL_GetTick)
    HAL_I2CEx_ConfigAnalogFilter             0x08000ccd   Thumb Code    74  stm32g0xx_hal_i2c_ex.o(i.HAL_I2CEx_ConfigAnalogFilter)
    HAL_I2CEx_ConfigDigitalFilter            0x08000d17   Thumb Code    72  stm32g0xx_hal_i2c_ex.o(i.HAL_I2CEx_ConfigDigitalFilter)
    HAL_I2C_Init                             0x08000d61   Thumb Code   182  stm32g0xx_hal_i2c.o(i.HAL_I2C_Init)
    HAL_I2C_Mem_Write                        0x08000e1d   Thumb Code   326  stm32g0xx_hal_i2c.o(i.HAL_I2C_Mem_Write)
    HAL_I2C_MspInit                          0x08000f69   Thumb Code   112  i2c.o(i.HAL_I2C_MspInit)
    HAL_IncTick                              0x08000fe5   Thumb Code    12  stm32g0xx_hal.o(i.HAL_IncTick)
    HAL_Init                                 0x08000ff5   Thumb Code    36  stm32g0xx_hal.o(i.HAL_Init)
    HAL_InitTick                             0x0800101d   Thumb Code    64  stm32g0xx_hal.o(i.HAL_InitTick)
    HAL_MspInit                              0x08001065   Thumb Code    46  stm32g0xx_hal_msp.o(i.HAL_MspInit)
    HAL_NVIC_EnableIRQ                       0x08001099   Thumb Code    18  stm32g0xx_hal_cortex.o(i.HAL_NVIC_EnableIRQ)
    HAL_NVIC_SetPriority                     0x080010b1   Thumb Code     8  stm32g0xx_hal_cortex.o(i.HAL_NVIC_SetPriority)
    HAL_PWREx_ControlVoltageScaling          0x080010b9   Thumb Code    62  stm32g0xx_hal_pwr_ex.o(i.HAL_PWREx_ControlVoltageScaling)
    HAL_RCCEx_PeriphCLKConfig                0x08001105   Thumb Code   618  stm32g0xx_hal_rcc_ex.o(i.HAL_RCCEx_PeriphCLKConfig)
    HAL_RCC_ClockConfig                      0x08001385   Thumb Code   318  stm32g0xx_hal_rcc.o(i.HAL_RCC_ClockConfig)
    HAL_RCC_GetPCLK1Freq                     0x080014dd   Thumb Code    26  stm32g0xx_hal_rcc.o(i.HAL_RCC_GetPCLK1Freq)
    HAL_RCC_GetSysClockFreq                  0x08001505   Thumb Code   130  stm32g0xx_hal_rcc.o(i.HAL_RCC_GetSysClockFreq)
    HAL_RCC_OscConfig                        0x08001595   Thumb Code  1078  stm32g0xx_hal_rcc.o(i.HAL_RCC_OscConfig)
    HAL_SYSCFG_StrobeDBattpinsConfig         0x080019cd   Thumb Code    16  stm32g0xx_hal.o(i.HAL_SYSCFG_StrobeDBattpinsConfig)
    HAL_SYSTICK_Config                       0x080019e1   Thumb Code    38  stm32g0xx_hal_cortex.o(i.HAL_SYSTICK_Config)
    HAL_UARTEx_DisableFifoMode               0x08001a11   Thumb Code    60  stm32g0xx_hal_uart_ex.o(i.HAL_UARTEx_DisableFifoMode)
    HAL_UARTEx_RxEventCallback               0x08001a4d   Thumb Code     2  stm32g0xx_hal_uart.o(i.HAL_UARTEx_RxEventCallback)
    HAL_UARTEx_RxFifoFullCallback            0x08001a4f   Thumb Code     2  stm32g0xx_hal_uart_ex.o(i.HAL_UARTEx_RxFifoFullCallback)
    HAL_UARTEx_SetRxFifoThreshold            0x08001a51   Thumb Code    72  stm32g0xx_hal_uart_ex.o(i.HAL_UARTEx_SetRxFifoThreshold)
    HAL_UARTEx_SetTxFifoThreshold            0x08001a99   Thumb Code    70  stm32g0xx_hal_uart_ex.o(i.HAL_UARTEx_SetTxFifoThreshold)
    HAL_UARTEx_TxFifoEmptyCallback           0x08001adf   Thumb Code     2  stm32g0xx_hal_uart_ex.o(i.HAL_UARTEx_TxFifoEmptyCallback)
    HAL_UARTEx_WakeupCallback                0x08001ae1   Thumb Code     2  stm32g0xx_hal_uart_ex.o(i.HAL_UARTEx_WakeupCallback)
    HAL_UART_ErrorCallback                   0x08001ae3   Thumb Code     2  stm32g0xx_hal_uart.o(i.HAL_UART_ErrorCallback)
    HAL_UART_IRQHandler                      0x08001ae5   Thumb Code   734  stm32g0xx_hal_uart.o(i.HAL_UART_IRQHandler)
    HAL_UART_Init                            0x08001dd5   Thumb Code   108  stm32g0xx_hal_uart.o(i.HAL_UART_Init)
    HAL_UART_MspInit                         0x08001e41   Thumb Code   228  usart.o(i.HAL_UART_MspInit)
    HAL_UART_Receive_IT                      0x08001f35   Thumb Code   100  stm32g0xx_hal_uart.o(i.HAL_UART_Receive_IT)
    HAL_UART_RxCpltCallback                  0x08001fa1   Thumb Code    68  esp8266.o(i.HAL_UART_RxCpltCallback)
    HAL_UART_Transmit                        0x08002001   Thumb Code   206  stm32g0xx_hal_uart.o(i.HAL_UART_Transmit)
    HAL_UART_TxCpltCallback                  0x080020cf   Thumb Code     2  esp8266.o(i.HAL_UART_TxCpltCallback)
    HardFault_Handler                        0x080020d1   Thumb Code     2  stm32g0xx_it.o(i.HardFault_Handler)
    MX_DMA_Init                              0x080023b5   Thumb Code    52  dma.o(i.MX_DMA_Init)
    MX_GPIO_Init                             0x080023ed   Thumb Code    48  gpio.o(i.MX_GPIO_Init)
    MX_I2C2_Init                             0x08002421   Thumb Code    76  i2c.o(i.MX_I2C2_Init)
    MX_USART1_UART_Init                      0x08002479   Thumb Code    96  usart.o(i.MX_USART1_UART_Init)
    NMI_Handler                              0x080024e1   Thumb Code     2  stm32g0xx_it.o(i.NMI_Handler)
    OLED_Clear                               0x080024e3   Thumb Code    52  oled.o(i.OLED_Clear)
    OLED_Init                                0x08002517   Thumb Code    14  oled.o(i.OLED_Init)
    OLED_Set_Pos                             0x08002525   Thumb Code    30  oled.o(i.OLED_Set_Pos)
    OLED_ShowChar                            0x08002545   Thumb Code   118  oled.o(i.OLED_ShowChar)
    OLED_ShowString                          0x080025c5   Thumb Code    52  oled.o(i.OLED_ShowString)
    OLED_WR_CMD                              0x080025f9   Thumb Code    34  oled.o(i.OLED_WR_CMD)
    OLED_WR_DATA                             0x08002621   Thumb Code    34  oled.o(i.OLED_WR_DATA)
    PendSV_Handler                           0x08002649   Thumb Code     2  stm32g0xx_it.o(i.PendSV_Handler)
    SVC_Handler                              0x0800264b   Thumb Code     2  stm32g0xx_it.o(i.SVC_Handler)
    SysTick_Handler                          0x0800264d   Thumb Code     8  stm32g0xx_it.o(i.SysTick_Handler)
    SystemClock_Config                       0x08002655   Thumb Code   108  main.o(i.SystemClock_Config)
    SystemInit                               0x080026c1   Thumb Code     2  system_stm32g0xx.o(i.SystemInit)
    UART_AdvFeatureConfig                    0x08002709   Thumb Code   202  stm32g0xx_hal_uart.o(i.UART_AdvFeatureConfig)
    UART_CheckIdleState                      0x080027d5   Thumb Code   180  stm32g0xx_hal_uart.o(i.UART_CheckIdleState)
    UART_SetConfig                           0x08002e5d   Thumb Code   600  stm32g0xx_hal_uart.o(i.UART_SetConfig)
    UART_Start_Receive_IT                    0x080030f1   Thumb Code   280  stm32g0xx_hal_uart.o(i.UART_Start_Receive_IT)
    UART_WaitOnFlagUntilTimeout              0x0800321d   Thumb Code   144  stm32g0xx_hal_uart.o(i.UART_WaitOnFlagUntilTimeout)
    USART1_IRQHandler                        0x080032ad   Thumb Code    10  stm32g0xx_it.o(i.USART1_IRQHandler)
    WriteCmd                                 0x080032bd   Thumb Code    42  oled.o(i.WriteCmd)
    main                                     0x08003335   Thumb Code    62  main.o(i.main)
    F6x8                                     0x080033c4   Data         552  oled.o(.constdata)
    F8X16                                    0x080035ec   Data        1504  oled.o(.constdata)
    Hzk                                      0x08003bcc   Data       11220  oled.o(.constdata)
    UARTPrescTable                           0x080067a0   Data          24  stm32g0xx_hal_uart.o(.constdata)
    AHBPrescTable                            0x080067c8   Data          64  system_stm32g0xx.o(.constdata)
    APBPrescTable                            0x08006808   Data          32  system_stm32g0xx.o(.constdata)
    Region$$Table$$Base                      0x08006828   Number         0  anon$$obj.o(Region$$Table)
    Region$$Table$$Limit                     0x08006848   Number         0  anon$$obj.o(Region$$Table)
    Uart1_Rx_Cnt                             0x20000000   Data           1  esp8266.o(.data)
    Uart1_Rx_preCnt                          0x20000001   Data           1  esp8266.o(.data)
    aRxBuffer                                0x20000002   Data           1  esp8266.o(.data)
    wifi                                     0x20000003   Data           1  esp8266.o(.data)
    rst                                      0x20000004   Data           9  esp8266.o(.data)
    cmd                                      0x2000000d   Data          14  esp8266.o(.data)
    CMD_Data                                 0x2000001b   Data          27  oled.o(.data)
    uwTickFreq                               0x20000038   Data           1  stm32g0xx_hal.o(.data)
    uwTickPrio                               0x2000003c   Data           4  stm32g0xx_hal.o(.data)
    uwTick                                   0x20000040   Data           4  stm32g0xx_hal.o(.data)
    SystemCoreClock                          0x20000044   Data           4  system_stm32g0xx.o(.data)
    RxBuffer                                 0x20000048   Data         256  esp8266.o(.bss)
    hi2c2                                    0x20000148   Data          84  i2c.o(.bss)
    huart1                                   0x2000019c   Data         148  usart.o(.bss)
    hdma_usart1_rx                           0x20000230   Data          96  usart.o(.bss)
    hdma_usart1_tx                           0x20000290   Data          96  usart.o(.bss)
    __libspace_start                         0x200002f0   Data          96  libspace.o(.bss)
    __temporary_stack_top$libspace           0x20000350   Data           0  libspace.o(.bss)



==============================================================================

Memory Map of the image

  Image Entry point : 0x080000bd

  Load Region LR_IROM1 (Base: 0x08000000, Size: 0x00006890, Max: 0x00020000, ABSOLUTE)

    Execution Region ER_IROM1 (Exec base: 0x08000000, Load base: 0x08000000, Size: 0x00006848, Max: 0x00020000, ABSOLUTE)

    Exec Addr    Load Addr    Size         Type   Attr      Idx    E Section Name        Object

    0x08000000   0x08000000   0x000000bc   Data   RO            3    RESET               startup_stm32g0b1xx.o
    0x080000bc   0x080000bc   0x00000008   Code   RO         3103  * !!!main             c_p.l(__main.o)
    0x080000c4   0x080000c4   0x0000003c   Code   RO         3285    !!!scatter          c_p.l(__scatter.o)
    0x08000100   0x08000100   0x0000001a   Code   RO         3287    !!handler_copy      c_p.l(__scatter_copy.o)
    0x0800011a   0x0800011a   0x00000002   PAD
    0x0800011c   0x0800011c   0x0000001c   Code   RO         3289    !!handler_zi        c_p.l(__scatter_zi.o)
    0x08000138   0x08000138   0x00000002   Code   RO         3086    .ARM.Collect$$_printf_percent$$00000000  c_p.l(_printf_percent.o)
    0x0800013a   0x0800013a   0x0000000a   Code   RO         3085    .ARM.Collect$$_printf_percent$$00000014  c_p.l(_printf_s.o)
    0x08000144   0x08000144   0x00000004   Code   RO         3120    .ARM.Collect$$_printf_percent$$00000017  c_p.l(_printf_percent_end.o)
    0x08000148   0x08000148   0x00000002   Code   RO         3154    .ARM.Collect$$libinit$$00000000  c_p.l(libinit.o)
    0x0800014a   0x0800014a   0x00000000   Code   RO         3168    .ARM.Collect$$libinit$$00000002  c_p.l(libinit2.o)
    0x0800014a   0x0800014a   0x00000000   Code   RO         3170    .ARM.Collect$$libinit$$00000004  c_p.l(libinit2.o)
    0x0800014a   0x0800014a   0x00000000   Code   RO         3173    .ARM.Collect$$libinit$$0000000A  c_p.l(libinit2.o)
    0x0800014a   0x0800014a   0x00000000   Code   RO         3175    .ARM.Collect$$libinit$$0000000C  c_p.l(libinit2.o)
    0x0800014a   0x0800014a   0x00000000   Code   RO         3177    .ARM.Collect$$libinit$$0000000E  c_p.l(libinit2.o)
    0x0800014a   0x0800014a   0x00000000   Code   RO         3180    .ARM.Collect$$libinit$$00000011  c_p.l(libinit2.o)
    0x0800014a   0x0800014a   0x00000000   Code   RO         3182    .ARM.Collect$$libinit$$00000013  c_p.l(libinit2.o)
    0x0800014a   0x0800014a   0x00000000   Code   RO         3184    .ARM.Collect$$libinit$$00000015  c_p.l(libinit2.o)
    0x0800014a   0x0800014a   0x00000000   Code   RO         3186    .ARM.Collect$$libinit$$00000017  c_p.l(libinit2.o)
    0x0800014a   0x0800014a   0x00000000   Code   RO         3188    .ARM.Collect$$libinit$$00000019  c_p.l(libinit2.o)
    0x0800014a   0x0800014a   0x00000000   Code   RO         3190    .ARM.Collect$$libinit$$0000001B  c_p.l(libinit2.o)
    0x0800014a   0x0800014a   0x00000000   Code   RO         3192    .ARM.Collect$$libinit$$0000001D  c_p.l(libinit2.o)
    0x0800014a   0x0800014a   0x00000000   Code   RO         3194    .ARM.Collect$$libinit$$0000001F  c_p.l(libinit2.o)
    0x0800014a   0x0800014a   0x00000000   Code   RO         3196    .ARM.Collect$$libinit$$00000021  c_p.l(libinit2.o)
    0x0800014a   0x0800014a   0x00000000   Code   RO         3198    .ARM.Collect$$libinit$$00000023  c_p.l(libinit2.o)
    0x0800014a   0x0800014a   0x00000000   Code   RO         3200    .ARM.Collect$$libinit$$00000025  c_p.l(libinit2.o)
    0x0800014a   0x0800014a   0x00000000   Code   RO         3204    .ARM.Collect$$libinit$$0000002C  c_p.l(libinit2.o)
    0x0800014a   0x0800014a   0x00000000   Code   RO         3206    .ARM.Collect$$libinit$$0000002E  c_p.l(libinit2.o)
    0x0800014a   0x0800014a   0x00000000   Code   RO         3208    .ARM.Collect$$libinit$$00000030  c_p.l(libinit2.o)
    0x0800014a   0x0800014a   0x00000000   Code   RO         3210    .ARM.Collect$$libinit$$00000032  c_p.l(libinit2.o)
    0x0800014a   0x0800014a   0x00000002   Code   RO         3211    .ARM.Collect$$libinit$$00000033  c_p.l(libinit2.o)
    0x0800014c   0x0800014c   0x00000002   Code   RO         3242    .ARM.Collect$$libshutdown$$00000000  c_p.l(libshutdown.o)
    0x0800014e   0x0800014e   0x00000000   Code   RO         3268    .ARM.Collect$$libshutdown$$00000002  c_p.l(libshutdown2.o)
    0x0800014e   0x0800014e   0x00000000   Code   RO         3270    .ARM.Collect$$libshutdown$$00000004  c_p.l(libshutdown2.o)
    0x0800014e   0x0800014e   0x00000000   Code   RO         3273    .ARM.Collect$$libshutdown$$00000007  c_p.l(libshutdown2.o)
    0x0800014e   0x0800014e   0x00000000   Code   RO         3276    .ARM.Collect$$libshutdown$$0000000A  c_p.l(libshutdown2.o)
    0x0800014e   0x0800014e   0x00000000   Code   RO         3278    .ARM.Collect$$libshutdown$$0000000C  c_p.l(libshutdown2.o)
    0x0800014e   0x0800014e   0x00000000   Code   RO         3281    .ARM.Collect$$libshutdown$$0000000F  c_p.l(libshutdown2.o)
    0x0800014e   0x0800014e   0x00000002   Code   RO         3282    .ARM.Collect$$libshutdown$$00000010  c_p.l(libshutdown2.o)
    0x08000150   0x08000150   0x00000000   Code   RO         3105    .ARM.Collect$$rtentry$$00000000  c_p.l(__rtentry.o)
    0x08000150   0x08000150   0x00000000   Code   RO         3122    .ARM.Collect$$rtentry$$00000002  c_p.l(__rtentry2.o)
    0x08000150   0x08000150   0x00000006   Code   RO         3134    .ARM.Collect$$rtentry$$00000004  c_p.l(__rtentry4.o)
    0x08000156   0x08000156   0x00000000   Code   RO         3124    .ARM.Collect$$rtentry$$00000009  c_p.l(__rtentry2.o)
    0x08000156   0x08000156   0x00000004   Code   RO         3125    .ARM.Collect$$rtentry$$0000000A  c_p.l(__rtentry2.o)
    0x0800015a   0x0800015a   0x00000000   Code   RO         3127    .ARM.Collect$$rtentry$$0000000C  c_p.l(__rtentry2.o)
    0x0800015a   0x0800015a   0x00000008   Code   RO         3128    .ARM.Collect$$rtentry$$0000000D  c_p.l(__rtentry2.o)
    0x08000162   0x08000162   0x00000002   Code   RO         3159    .ARM.Collect$$rtexit$$00000000  c_p.l(rtexit.o)
    0x08000164   0x08000164   0x00000000   Code   RO         3215    .ARM.Collect$$rtexit$$00000002  c_p.l(rtexit2.o)
    0x08000164   0x08000164   0x00000004   Code   RO         3216    .ARM.Collect$$rtexit$$00000003  c_p.l(rtexit2.o)
    0x08000168   0x08000168   0x00000006   Code   RO         3217    .ARM.Collect$$rtexit$$00000004  c_p.l(rtexit2.o)
    0x0800016e   0x0800016e   0x00000002   PAD
    0x08000170   0x08000170   0x00000038   Code   RO         3091    .emb_text           c_p.l(rt_memcpy.o)
    0x080001a8   0x080001a8   0x00000038   Code   RO            4    .text               startup_stm32g0b1xx.o
    0x080001e0   0x080001e0   0x00000102   Code   RO         3055    .text               c_p.l(lludiv.o)
    0x080002e2   0x080002e2   0x00000002   PAD
    0x080002e4   0x080002e4   0x00000028   Code   RO         3059    .text               c_p.l(noretval__2sprintf.o)
    0x0800030c   0x0800030c   0x0000006c   Code   RO         3061    .text               c_p.l(__printf.o)
    0x08000378   0x08000378   0x00000052   Code   RO         3063    .text               c_p.l(_printf_str.o)
    0x080003ca   0x080003ca   0x00000028   Code   RO         3087    .text               c_p.l(strstr.o)
    0x080003f2   0x080003f2   0x00000002   PAD
    0x080003f4   0x080003f4   0x00000044   Code   RO         3089    .text               c_p.l(strlen.o)
    0x08000438   0x08000438   0x00000040   Code   RO         3095    .text               c_p.l(rt_memclr.o)
    0x08000478   0x08000478   0x0000015a   Code   RO         3097    .text               c_p.l(aeabi_sdiv.o)
    0x080005d2   0x080005d2   0x00000006   Code   RO         3101    .text               c_p.l(heapauxi.o)
    0x080005d8   0x080005d8   0x00000030   Code   RO         3114    .text               c_p.l(_printf_char_common.o)
    0x08000608   0x08000608   0x0000000a   Code   RO         3116    .text               c_p.l(_sputc.o)
    0x08000612   0x08000612   0x0000002e   Code   RO         3118    .text               c_p.l(_printf_char.o)
    0x08000640   0x08000640   0x0000003e   Code   RO         3140    .text               c_p.l(sys_stackheap_outer.o)
    0x0800067e   0x0800067e   0x00000010   Code   RO         3143    .text               c_p.l(exit.o)
    0x0800068e   0x0800068e   0x00000002   PAD
    0x08000690   0x08000690   0x00000008   Code   RO         3155    .text               c_p.l(libspace.o)
    0x08000698   0x08000698   0x0000000c   Code   RO         3212    .text               c_p.l(sys_exit.o)
    0x080006a4   0x080006a4   0x00000002   Code   RO         3231    .text               c_p.l(use_no_semi.o)
    0x080006a6   0x080006a6   0x00000000   Code   RO         3233    .text               c_p.l(indicate_semi.o)
    0x080006a6   0x080006a6   0x00000002   PAD
    0x080006a8   0x080006a8   0x00000010   Code   RO          456    i.DMA1_Channel1_IRQHandler  stm32g0xx_it.o
    0x080006b8   0x080006b8   0x00000010   Code   RO          457    i.DMA1_Channel2_3_IRQHandler  stm32g0xx_it.o
    0x080006c8   0x080006c8   0x00000048   Code   RO         1577    i.DMA_CalcDMAMUXChannelBaseAndMask  stm32g0xx_hal_dma.o
    0x08000710   0x08000710   0x00000028   Code   RO         1578    i.DMA_CalcDMAMUXRequestGenBaseAndMask  stm32g0xx_hal_dma.o
    0x08000738   0x08000738   0x0000001c   Code   RO           12    i.ESP8266_Clear     esp8266.o
    0x08000754   0x08000754   0x000000fc   Code   RO           13    i.ESP8266_Init      esp8266.o
    0x08000850   0x08000850   0x00000054   Code   RO           14    i.ESP8266_SendCmd   esp8266.o
    0x080008a4   0x080008a4   0x00000024   Code   RO           15    i.ESP8266_WaitRecive  esp8266.o
    0x080008c8   0x080008c8   0x00000004   Code   RO          308    i.Error_Handler     main.o
    0x080008cc   0x080008cc   0x0000006c   Code   RO         1580    i.HAL_DMA_Abort     stm32g0xx_hal_dma.o
    0x08000938   0x08000938   0x00000070   Code   RO         1581    i.HAL_DMA_Abort_IT  stm32g0xx_hal_dma.o
    0x080009a8   0x080009a8   0x000000c4   Code   RO         1585    i.HAL_DMA_IRQHandler  stm32g0xx_hal_dma.o
    0x08000a6c   0x08000a6c   0x000000cc   Code   RO         1586    i.HAL_DMA_Init      stm32g0xx_hal_dma.o
    0x08000b38   0x08000b38   0x00000024   Code   RO         2157    i.HAL_Delay         stm32g0xx_hal.o
    0x08000b5c   0x08000b5c   0x00000164   Code   RO         1513    i.HAL_GPIO_Init     stm32g0xx_hal_gpio.o
    0x08000cc0   0x08000cc0   0x0000000c   Code   RO         2161    i.HAL_GetTick       stm32g0xx_hal.o
    0x08000ccc   0x08000ccc   0x0000004a   Code   RO         1010    i.HAL_I2CEx_ConfigAnalogFilter  stm32g0xx_hal_i2c_ex.o
    0x08000d16   0x08000d16   0x00000048   Code   RO         1011    i.HAL_I2CEx_ConfigDigitalFilter  stm32g0xx_hal_i2c_ex.o
    0x08000d5e   0x08000d5e   0x00000002   PAD
    0x08000d60   0x08000d60   0x000000bc   Code   RO          553    i.HAL_I2C_Init      stm32g0xx_hal_i2c.o
    0x08000e1c   0x08000e1c   0x0000014c   Code   RO          574    i.HAL_I2C_Mem_Write  stm32g0xx_hal_i2c.o
    0x08000f68   0x08000f68   0x0000007c   Code   RO          381    i.HAL_I2C_MspInit   i2c.o
    0x08000fe4   0x08000fe4   0x00000010   Code   RO         2167    i.HAL_IncTick       stm32g0xx_hal.o
    0x08000ff4   0x08000ff4   0x00000028   Code   RO         2168    i.HAL_Init          stm32g0xx_hal.o
    0x0800101c   0x0800101c   0x00000048   Code   RO         2169    i.HAL_InitTick      stm32g0xx_hal.o
    0x08001064   0x08001064   0x00000034   Code   RO          522    i.HAL_MspInit       stm32g0xx_hal_msp.o
    0x08001098   0x08001098   0x00000018   Code   RO         2035    i.HAL_NVIC_EnableIRQ  stm32g0xx_hal_cortex.o
    0x080010b0   0x080010b0   0x00000008   Code   RO         2039    i.HAL_NVIC_SetPriority  stm32g0xx_hal_cortex.o
    0x080010b8   0x080010b8   0x0000004c   Code   RO         1812    i.HAL_PWREx_ControlVoltageScaling  stm32g0xx_hal_pwr_ex.o
    0x08001104   0x08001104   0x00000280   Code   RO         1186    i.HAL_RCCEx_PeriphCLKConfig  stm32g0xx_hal_rcc_ex.o
    0x08001384   0x08001384   0x00000158   Code   RO         1061    i.HAL_RCC_ClockConfig  stm32g0xx_hal_rcc.o
    0x080014dc   0x080014dc   0x00000028   Code   RO         1069    i.HAL_RCC_GetPCLK1Freq  stm32g0xx_hal_rcc.o
    0x08001504   0x08001504   0x00000090   Code   RO         1071    i.HAL_RCC_GetSysClockFreq  stm32g0xx_hal_rcc.o
    0x08001594   0x08001594   0x00000436   Code   RO         1075    i.HAL_RCC_OscConfig  stm32g0xx_hal_rcc.o
    0x080019ca   0x080019ca   0x00000002   PAD
    0x080019cc   0x080019cc   0x00000014   Code   RO         2181    i.HAL_SYSCFG_StrobeDBattpinsConfig  stm32g0xx_hal.o
    0x080019e0   0x080019e0   0x00000030   Code   RO         2043    i.HAL_SYSTICK_Config  stm32g0xx_hal_cortex.o
    0x08001a10   0x08001a10   0x0000003c   Code   RO         2907    i.HAL_UARTEx_DisableFifoMode  stm32g0xx_hal_uart_ex.o
    0x08001a4c   0x08001a4c   0x00000002   Code   RO         2500    i.HAL_UARTEx_RxEventCallback  stm32g0xx_hal_uart.o
    0x08001a4e   0x08001a4e   0x00000002   Code   RO         2915    i.HAL_UARTEx_RxFifoFullCallback  stm32g0xx_hal_uart_ex.o
    0x08001a50   0x08001a50   0x00000048   Code   RO         2916    i.HAL_UARTEx_SetRxFifoThreshold  stm32g0xx_hal_uart_ex.o
    0x08001a98   0x08001a98   0x00000046   Code   RO         2917    i.HAL_UARTEx_SetTxFifoThreshold  stm32g0xx_hal_uart_ex.o
    0x08001ade   0x08001ade   0x00000002   Code   RO         2919    i.HAL_UARTEx_TxFifoEmptyCallback  stm32g0xx_hal_uart_ex.o
    0x08001ae0   0x08001ae0   0x00000002   Code   RO         2920    i.HAL_UARTEx_WakeupCallback  stm32g0xx_hal_uart_ex.o
    0x08001ae2   0x08001ae2   0x00000002   Code   RO         2516    i.HAL_UART_ErrorCallback  stm32g0xx_hal_uart.o
    0x08001ae4   0x08001ae4   0x000002f0   Code   RO         2519    i.HAL_UART_IRQHandler  stm32g0xx_hal_uart.o
    0x08001dd4   0x08001dd4   0x0000006c   Code   RO         2520    i.HAL_UART_Init     stm32g0xx_hal_uart.o
    0x08001e40   0x08001e40   0x000000f4   Code   RO          419    i.HAL_UART_MspInit  usart.o
    0x08001f34   0x08001f34   0x0000006c   Code   RO         2525    i.HAL_UART_Receive_IT  stm32g0xx_hal_uart.o
    0x08001fa0   0x08001fa0   0x00000060   Code   RO           16    i.HAL_UART_RxCpltCallback  esp8266.o
    0x08002000   0x08002000   0x000000ce   Code   RO         2529    i.HAL_UART_Transmit  stm32g0xx_hal_uart.o
    0x080020ce   0x080020ce   0x00000002   Code   RO           17    i.HAL_UART_TxCpltCallback  esp8266.o
    0x080020d0   0x080020d0   0x00000002   Code   RO          458    i.HardFault_Handler  stm32g0xx_it.o
    0x080020d2   0x080020d2   0x00000022   Code   RO          600    i.I2C_Flush_TXDR    stm32g0xx_hal_i2c.o
    0x080020f4   0x080020f4   0x00000110   Code   RO          608    i.I2C_IsErrorOccurred  stm32g0xx_hal_i2c.o
    0x08002204   0x08002204   0x00000060   Code   RO          614    i.I2C_RequestMemoryWrite  stm32g0xx_hal_i2c.o
    0x08002264   0x08002264   0x0000002c   Code   RO          617    i.I2C_TransferConfig  stm32g0xx_hal_i2c.o
    0x08002290   0x08002290   0x00000072   Code   RO          619    i.I2C_WaitOnFlagUntilTimeout  stm32g0xx_hal_i2c.o
    0x08002302   0x08002302   0x00000056   Code   RO          621    i.I2C_WaitOnSTOPFlagUntilTimeout  stm32g0xx_hal_i2c.o
    0x08002358   0x08002358   0x0000005a   Code   RO          622    i.I2C_WaitOnTXISFlagUntilTimeout  stm32g0xx_hal_i2c.o
    0x080023b2   0x080023b2   0x00000002   PAD
    0x080023b4   0x080023b4   0x00000038   Code   RO          360    i.MX_DMA_Init       dma.o
    0x080023ec   0x080023ec   0x00000034   Code   RO          340    i.MX_GPIO_Init      gpio.o
    0x08002420   0x08002420   0x00000058   Code   RO          382    i.MX_I2C2_Init      i2c.o
    0x08002478   0x08002478   0x00000068   Code   RO          420    i.MX_USART1_UART_Init  usart.o
    0x080024e0   0x080024e0   0x00000002   Code   RO          459    i.NMI_Handler       stm32g0xx_it.o
    0x080024e2   0x080024e2   0x00000034   Code   RO          202    i.OLED_Clear        oled.o
    0x08002516   0x08002516   0x0000000e   Code   RO          205    i.OLED_Init         oled.o
    0x08002524   0x08002524   0x0000001e   Code   RO          207    i.OLED_Set_Pos      oled.o
    0x08002542   0x08002542   0x00000002   PAD
    0x08002544   0x08002544   0x00000080   Code   RO          208    i.OLED_ShowChar     oled.o
    0x080025c4   0x080025c4   0x00000034   Code   RO          211    i.OLED_ShowString   oled.o
    0x080025f8   0x080025f8   0x00000028   Code   RO          212    i.OLED_WR_CMD       oled.o
    0x08002620   0x08002620   0x00000028   Code   RO          213    i.OLED_WR_DATA      oled.o
    0x08002648   0x08002648   0x00000002   Code   RO          460    i.PendSV_Handler    stm32g0xx_it.o
    0x0800264a   0x0800264a   0x00000002   Code   RO          461    i.SVC_Handler       stm32g0xx_it.o
    0x0800264c   0x0800264c   0x00000008   Code   RO          462    i.SysTick_Handler   stm32g0xx_it.o
    0x08002654   0x08002654   0x0000006c   Code   RO          309    i.SystemClock_Config  main.o
    0x080026c0   0x080026c0   0x00000002   Code   RO         3022    i.SystemInit        system_stm32g0xx.o
    0x080026c2   0x080026c2   0x00000002   PAD
    0x080026c4   0x080026c4   0x00000044   Code   RO         2921    i.UARTEx_SetNbDataToProcess  stm32g0xx_hal_uart_ex.o
    0x08002708   0x08002708   0x000000ca   Code   RO         2534    i.UART_AdvFeatureConfig  stm32g0xx_hal_uart.o
    0x080027d2   0x080027d2   0x00000002   PAD
    0x080027d4   0x080027d4   0x000000b8   Code   RO         2535    i.UART_CheckIdleState  stm32g0xx_hal_uart.o
    0x0800288c   0x0800288c   0x00000014   Code   RO         2536    i.UART_DMAAbortOnError  stm32g0xx_hal_uart.o
    0x080028a0   0x080028a0   0x00000064   Code   RO         2546    i.UART_EndRxTransfer  stm32g0xx_hal_uart.o
    0x08002904   0x08002904   0x000000e4   Code   RO         2548    i.UART_RxISR_16BIT  stm32g0xx_hal_uart.o
    0x080029e8   0x080029e8   0x000001c8   Code   RO         2549    i.UART_RxISR_16BIT_FIFOEN  stm32g0xx_hal_uart.o
    0x08002bb0   0x08002bb0   0x000000e4   Code   RO         2550    i.UART_RxISR_8BIT   stm32g0xx_hal_uart.o
    0x08002c94   0x08002c94   0x000001c8   Code   RO         2551    i.UART_RxISR_8BIT_FIFOEN  stm32g0xx_hal_uart.o
    0x08002e5c   0x08002e5c   0x00000294   Code   RO         2552    i.UART_SetConfig    stm32g0xx_hal_uart.o
    0x080030f0   0x080030f0   0x0000012c   Code   RO         2554    i.UART_Start_Receive_IT  stm32g0xx_hal_uart.o
    0x0800321c   0x0800321c   0x00000090   Code   RO         2559    i.UART_WaitOnFlagUntilTimeout  stm32g0xx_hal_uart.o
    0x080032ac   0x080032ac   0x00000010   Code   RO          463    i.USART1_IRQHandler  stm32g0xx_it.o
    0x080032bc   0x080032bc   0x00000034   Code   RO          214    i.WriteCmd          oled.o
    0x080032f0   0x080032f0   0x00000044   Code   RO         2045    i.__NVIC_SetPriority  stm32g0xx_hal_cortex.o
    0x08003334   0x08003334   0x00000090   Code   RO          310    i.main              main.o
    0x080033c4   0x080033c4   0x000033dc   Data   RO          216    .constdata          oled.o
    0x080067a0   0x080067a0   0x00000018   Data   RO         2560    .constdata          stm32g0xx_hal_uart.o
    0x080067b8   0x080067b8   0x00000010   Data   RO         2922    .constdata          stm32g0xx_hal_uart_ex.o
    0x080067c8   0x080067c8   0x00000040   Data   RO         3023    .constdata          system_stm32g0xx.o
    0x08006808   0x08006808   0x00000020   Data   RO         3024    .constdata          system_stm32g0xx.o
    0x08006828   0x08006828   0x00000020   Data   RO         3283    Region$$Table       anon$$obj.o


    Execution Region RW_IRAM1 (Exec base: 0x20000000, Load base: 0x08006848, Size: 0x00000950, Max: 0x00024000, ABSOLUTE)

    Exec Addr    Load Addr    Size         Type   Attr      Idx    E Section Name        Object

    0x20000000   0x08006848   0x0000001b   Data   RW           20    .data               esp8266.o
    0x2000001b   0x08006863   0x0000001b   Data   RW          217    .data               oled.o
    0x20000036   0x0800687e   0x00000002   PAD
    0x20000038   0x08006880   0x0000000c   Data   RW         2189    .data               stm32g0xx_hal.o
    0x20000044   0x0800688c   0x00000004   Data   RW         3025    .data               system_stm32g0xx.o
    0x20000048        -       0x00000100   Zero   RW           19    .bss                esp8266.o
    0x20000148        -       0x00000054   Zero   RW          383    .bss                i2c.o
    0x2000019c        -       0x00000154   Zero   RW          421    .bss                usart.o
    0x200002f0        -       0x00000060   Zero   RW         3156    .bss                c_p.l(libspace.o)
    0x20000350        -       0x00000200   Zero   RW            2    HEAP                startup_stm32g0b1xx.o
    0x20000550        -       0x00000400   Zero   RW            1    STACK               startup_stm32g0b1xx.o


==============================================================================

Image component sizes


      Code (inc. data)   RO Data    RW Data    ZI Data      Debug   Object Name

        56          4          0          0          0        670   dma.o
       498        138          0         27        256     546818   esp8266.o
        52          4          0          0          0        735   gpio.o
       212         24          0          0         84       1541   i2c.o
       256         82          0          0          0       2064   main.o
       408         32      13276         27          0       5285   oled.o
        56         26        188          0       1536        612   startup_stm32g0b1xx.o
       196         30          0         12          0      22057   stm32g0xx_hal.o
       148         24          0          0          0      12001   stm32g0xx_hal_cortex.o
       732         38          0          0          0       4419   stm32g0xx_hal_dma.o
         0          0          0          0          0       2692   stm32g0xx_hal_flash.o
       356         20          0          0          0       1284   stm32g0xx_hal_gpio.o
      1256         28          0          0          0       9707   stm32g0xx_hal_i2c.o
       146          0          0          0          0       1823   stm32g0xx_hal_i2c_ex.o
        52          6          0          0          0        758   stm32g0xx_hal_msp.o
        76         14          0          0          0        718   stm32g0xx_hal_pwr_ex.o
      1606         90          0          0          0      29961   stm32g0xx_hal_rcc.o
       640         22          0          0          0       1828   stm32g0xx_hal_rcc_ex.o
      4156        166         24          0          0      42148   stm32g0xx_hal_uart.o
       276          6         16          0          0       4978   stm32g0xx_hal_uart_ex.o
        64         18          0          0          0       3271   stm32g0xx_it.o
         2          0         96          4          0       1019   system_stm32g0xx.o
       348         24          0          0        340       1772   usart.o

    ----------------------------------------------------------------------
     11604        796      13632         72       2216     698161   Object Totals
         0          0         32          0          0          0   (incl. Generated)
        12          0          0          2          0          0   (incl. Padding)

    ----------------------------------------------------------------------

      Code (inc. data)   RO Data    RW Data    ZI Data      Debug   Library Member Name

         8          0          0          0          0         68   __main.o
       108          0          0          0          0         76   __printf.o
         0          0          0          0          0          0   __rtentry.o
        12          0          0          0          0          0   __rtentry2.o
         6          0          0          0          0          0   __rtentry4.o
        60          8          0          0          0          0   __scatter.o
        26          0          0          0          0          0   __scatter_copy.o
        28          0          0          0          0          0   __scatter_zi.o
        46          0          0          0          0        100   _printf_char.o
        48          6          0          0          0         88   _printf_char_common.o
         2          0          0          0          0          0   _printf_percent.o
         4          0          0          0          0          0   _printf_percent_end.o
        10          0          0          0          0          0   _printf_s.o
        82          0          0          0          0         72   _printf_str.o
        10          0          0          0          0         60   _sputc.o
       346          0          0          0          0         92   aeabi_sdiv.o
        16          0          0          0          0         68   exit.o
         6          0          0          0          0        136   heapauxi.o
         0          0          0          0          0          0   indicate_semi.o
         2          0          0          0          0          0   libinit.o
         2          0          0          0          0          0   libinit2.o
         2          0          0          0          0          0   libshutdown.o
         2          0          0          0          0          0   libshutdown2.o
         8          4          0          0         96         68   libspace.o
       258          0          0          0          0         88   lludiv.o
        40          4          0          0          0         84   noretval__2sprintf.o
        64          0          0          0          0        108   rt_memclr.o
        56          0          0          0          0         68   rt_memcpy.o
         2          0          0          0          0          0   rtexit.o
        10          0          0          0          0          0   rtexit2.o
        68          6          0          0          0         72   strlen.o
        40          0          0          0          0         72   strstr.o
        12          4          0          0          0         60   sys_exit.o
        62          0          0          0          0         80   sys_stackheap_outer.o
         2          0          0          0          0         68   use_no_semi.o

    ----------------------------------------------------------------------
      1460         32          0          0         96       1528   Library Totals
        12          0          0          0          0          0   (incl. Padding)

    ----------------------------------------------------------------------

      Code (inc. data)   RO Data    RW Data    ZI Data      Debug   Library Name

      1448         32          0          0         96       1528   c_p.l

    ----------------------------------------------------------------------
      1460         32          0          0         96       1528   Library Totals

    ----------------------------------------------------------------------

==============================================================================


      Code (inc. data)   RO Data    RW Data    ZI Data      Debug   

     13064        828      13632         72       2312     695225   Grand Totals
     13064        828      13632         72       2312     695225   ELF Image Totals
     13064        828      13632         72          0          0   ROM Totals

==============================================================================

    Total RO  Size (Code + RO Data)                26696 (  26.07kB)
    Total RW  Size (RW Data + ZI Data)              2384 (   2.33kB)
    Total ROM Size (Code + RO Data + RW Data)      26768 (  26.14kB)

==============================================================================

