<html>
<body>
<pre>
<h1>礦ision Build Log</h1>
<h2>Tool Versions:</h2>
IDE-Version: μVision V5.40.0.0
Copyright (C) 2024 ARM Ltd and ARM Germany GmbH. All rights reserved.
License Information: Leo K, xiaomi, LIC=PE7DL-0TY8T-VELHA-1WM9V-KUDXN-H04AI
 
Tool Versions:
Toolchain:       MDK-ARM Plus  Version: 5.40.0.3
Toolchain Path:  C:\Users\MI\AppData\Local\Keil_v5\ARM\ARMCC\Bin
C Compiler:      Armcc.exe V5.06 update 6 (build 750)
Assembler:       Armasm.exe V5.06 update 6 (build 750)
Linker/Locator:  ArmLink.exe V5.06 update 6 (build 750)
Library Manager: ArmAr.exe V5.06 update 6 (build 750)
Hex Converter:   FromElf.exe V5.06 update 6 (build 750)
CPU DLL:         SARMCM3.DLL V5.40.0.3
Dialog DLL:      DARMCM1.DLL V1.19.6.0
Target DLL:      Segger\JL2CM3.dll V2.99.44.0
Dialog DLL:      TARMCM1.DLL V1.14.6.0
 
<h2>Project:</h2>
C:\Users\MI\Desktop\UART\UART\MDK-ARM\UART.uvprojx
Project File Date:  09/19/2024

<h2>Output:</h2>
*** Using Compiler 'V5.06 update 6 (build 750)', folder: 'C:\Users\MI\AppData\Local\Keil_v5\ARM\ARMCC\Bin'
Build target 'UART'
compiling esp8266.c...
../Inc/esp8266.h(22): warning:  #1295-D: Deprecated declaration link - give arg types
  void link();
..\Src\esp8266.c(333): warning:  #167-D: argument of type "uint8_t *" is incompatible with parameter of type "const char *"
  	HAL_UART_Transmit(&huart1,(uint8_t *)cmd, strlen((uint8_t *)cmd),HAL_MAX_DELAY);
..\Src\esp8266.c(431): warning:  #177-D: variable "Senbuff"  was declared but never referenced
  	uint8_t Senbuff[] = "AT\r\n";  //定义数据发送数组
..\Src\esp8266.c(433): warning:  #177-D: variable "rst"  was declared but never referenced
  	uint8_t rst[] = "AT+RST\r\n";
..\Src\esp8266.c(500): warning:  #1-D: last line of file ends without a newline
  }
..\Src\esp8266.c: 5 warnings, 0 errors
linking...
Program Size: Code=13064 RO-data=13632 RW-data=72 ZI-data=2312  
FromELF: creating hex file...
"UART\UART.axf" - 0 Error(s), 5 Warning(s).

<h2>Software Packages used:</h2>

Package Vendor: ARM
                https://www.keil.com/pack/ARM.CMSIS.6.1.0.pack
                ARM::CMSIS@6.1.0
                CMSIS (Common Microcontroller Software Interface Standard)
   * Component: CORE Version: 6.1.0

Package Vendor: Keil
                https://www.keil.com/pack/Keil.STM32G0xx_DFP.1.5.0.pack
                Keil::STM32G0xx_DFP@1.5.0
                STMicroelectronics STM32G0 Series Device Support

<h2>Collection of Component include folders:</h2>
  ./RTE/_UART
  C:/Users/MI/AppData/Local/Arm/Packs/ARM/CMSIS/6.1.0/CMSIS/Core/Include
  C:/Users/MI/AppData/Local/Arm/Packs/Keil/STM32G0xx_DFP/1.5.0/Drivers/CMSIS/Device/ST/STM32G0xx/Include

<h2>Collection of Component Files used:</h2>

   * Component: ARM::CMSIS:CORE@6.1.0
      Include file:  CMSIS/Core/Include/tz_context.h
Build Time Elapsed:  00:00:02
</pre>
</body>
</html>
